 MYSTRAN

 Timestamp is 6002094f (Fri Jan 15 16:29:51 2021)

 Preferred load address is 00400000

 Start         Length     Name                   Class
 0001:00000000 003a37deH .text                   CODE
 0002:00000000 00000148H .idata$5                DATA
 0002:00000150 000050f0H .rdata                  DATA
 0002:00005240 00000028H .idata$2                DATA
 0002:00005268 00000014H .idata$3                DATA
 0002:0000527c 00000148H .idata$4                DATA
 0002:000053c4 000005c8H .idata$6                DATA
 0002:0000598c 00000000H .edata                  DATA
 0003:00000000 00000004H .CRT$XCA                DATA
 0003:00000004 00000000H .CRT$XCU                DATA
 0003:00000004 00000004H .CRT$XCZ                DATA
 0003:00000008 00000004H .CRT$XIA                DATA
 0003:0000000c 00000008H .CRT$XIC                DATA
 0003:00000014 00000004H .CRT$XIZ                DATA
 0003:00000018 00000004H .CRT$XPA                DATA
 0003:0000001c 0000000cH .CRT$XPX                DATA
 0003:00000028 00000004H .CRT$XPZ                DATA
 0003:0000002c 00000004H .CRT$XTA                DATA
 0003:00000030 00000004H .CRT$XTZ                DATA
 0003:00000040 0020f530H .data                   DATA
 0003:0020f570 0265ff78H .bss                    DATA

  Address         Publics by Value              Rva+Base     Lib:Object

 0001:00000000       _MAIN__                    00404000 f   MYSTRAN.obj
 0001:00001810       _mystran@_calc_convergence_ 00405810 f   MYSTRAN.obj
 0001:000019c0       _get_ini_filnam_           004059c0 f   GET_INI_FILNAM.obj
 0001:00001be0       _get_mystran_dir_          00405be0 f   GET_MYSTRAN_DIR.obj
 0001:00001ca0       _mystran_files_            00405ca0 f   MYSTRAN_FILES.obj
 0001:0000ebd0       _process_include_files_    00412bd0 f   PROCESS_INCLUDE_FILES.obj
 0001:0000ed60       _read_cl_                  00412d60 f   READ_CL.obj
 0001:0000ee30       _read_ini_                 00412e30 f   READ_INI.obj
 0001:00011bb0       _read_ini@_read_ini_line_  00415bb0 f   READ_INI.obj
 0001:00012170       _read_ini@_i4fld0_         00416170 f   READ_INI.obj
 0001:00012350       _read_ini@_bd_imbedded_blank0_ 00416350 f   READ_INI.obj
 0001:00012640       _read_ini@_card_flds_not_blank0_ 00416640 f   READ_INI.obj
 0001:00012de0       _read_ini@_crderr0_        00416de0 f   READ_INI.obj
 0001:00012f00       _read_ini@_left_adj_bdfld0_ 00416f00 f   READ_INI.obj
 0001:00013090       _read_ini@_c8fld0_         00417090 f   READ_INI.obj
 0001:00013140       _read_ini@_write_inifil_msg_ 00417140 f   READ_INI.obj
 0001:00013300       _read_input_file_name_     00417300 f   READ_INPUT_FILE_NAME.obj
 0001:00013900       _pentium_ii_kind_          00417900 f   PENTIUM_II_KIND.obj
 0001:00013910       _constants_1_              00417910 f   CONSTANTS_1.obj
 0001:00013920       _scontr_                   00417920 f   SCONTR.obj
 0001:00013930       _allocated_array_data_     00417930 f   ALLOCATED_ARRAY_DATA.obj
 0001:00013940       _arpack_matrices_1_        00417940 f   ARPACK_MATRICES_1.obj
 0001:00013950       _cc_output_describers_     00417950 f   CC_OUTPUT_DESCRIBERS.obj
 0001:00013960       _col_vecs_                 00417960 f   COL_VECS.obj
 0001:00013970       _constants_gauss_          00417970 f   CONSTANTS_GAUSS.obj
 0001:00013980       _debug_parameters_         00417980 f   DEBUG_PARAMETERS.obj
 0001:00013990       _derived_data_types_       00417990 f   DERIVED_DATA_TYPES.obj
 0001:000139a0       _dof_tables_               004179a0 f   DOF_TABLES.obj
 0001:000139b0       _eigen_matrices_1_         004179b0 f   EIGEN_MATRICES_1.obj
 0001:000139c0       _ems_arrays_               004179c0 f   EMS_ARRAYS.obj
 0001:000139d0       _femap_arrays_             004179d0 f   FEMAP_ARRAYS.obj
 0001:000139e0       _full_matrices_            004179e0 f   FULL_MATRICES.obj
 0001:000139f0       _inputt4_matrices_         004179f0 f   INPUTT4_MATRICES.obj
 0001:00013a00       _iount1_                   00417a00 f   IOUNT1.obj
 0001:00013a10       _lapack_dpb_matrices_      00417a10 f   LAPACK_DPB_MATRICES.obj
 0001:00013a20       _link9_stuff_              00417a20 f   LINK9_STUFF.obj
 0001:00013a30       _lsq_mystran_              00417a30 f   LSQ_MYSTRAN.obj
 0001:00013a40       _lsq_mystran@_startup_     00417a40 f   LSQ_MYSTRAN.obj
 0001:00013f50       _lsq_mystran@_includ_      00417f50 f   LSQ_MYSTRAN.obj
 0001:00014180       _lsq_mystran@_regcf_       00418180 f   LSQ_MYSTRAN.obj
 0001:000143f0       _lsq_mystran@_tolset_      004183f0 f   LSQ_MYSTRAN.obj
 0001:00014600       _lsq_mystran@_sing_        00418600 f   LSQ_MYSTRAN.obj
 0001:00014a80       _machine_params_           00418a80 f   MACHINE_PARAMS.obj
 0001:00014a90       _misc_matrices_            00418a90 f   MISC_MATRICES.obj
 0001:00014aa0       _model_stuf_               00418aa0 f   MODEL_STUF.obj
 0001:00014ab0       _nonlinear_params_         00418ab0 f   NONLINEAR_PARAMS.obj
 0001:00014ac0       _mystran_version_          00418ac0 f   MYSTRAN_Version.obj
 0001:00014ad0       _output4_matrices_         00418ad0 f   OUTPUT4_MATRICES.obj
 0001:00014ae0       _params_                   00418ae0 f   PARAMS.obj
 0001:00014af0       _rigid_body_disp_mats_     00418af0 f   RIGID_BODY_DISP_MATS.obj
 0001:00014b00       _scratch_matrices_         00418b00 f   SCRATCH_MATRICES.obj
 0001:00014b10       _sparse_alg_arrays_        00418b10 f   SPARSE_ALG_ARRAYS.obj
 0001:00014b20       _sparse_matrices_          00418b20 f   SPARSE_MATRICES.obj
 0001:00014b30       _stf_arrays_               00418b30 f   STF_ARRAYS.obj
 0001:00014b40       _stf_template_arrays_      00418b40 f   STF_TEMPLATE_ARRAYS.obj
 0001:00014b50       _subr_begend_levels_       00418b50 f   SUBR_BEGEND_LEVELS.obj
 0001:00014b60       _superlu_stuf_             00418b60 f   SuperLU_STUF.obj
 0001:00014b70       _timdat_                   00418b70 f   TIMDAT.obj
 0001:00014b80       _arpack_lanczos_eig_       00418b80 f   ARPACK_LANCZOS_EIG.obj
 0001:00014b90       _arpack_lanczos_eig@_dsband_ 00418b90 f   ARPACK_LANCZOS_EIG.obj
 0001:00016f80       _arpack_lanczos_eig@_dsband@_arp_deb_ 0041af80 f   ARPACK_LANCZOS_EIG.obj
 0001:00017480       _arpack_lanczos_eig@_dsaupd_ 0041b480 f   ARPACK_LANCZOS_EIG.obj
 0001:00017c80       _arpack_lanczos_eig@_dseupd_ 0041bc80 f   ARPACK_LANCZOS_EIG.obj
 0001:00019780       _arpack_lanczos_eig@_dsaup2_ 0041d780 f   ARPACK_LANCZOS_EIG.obj
 0001:0001adf0       _arpack_lanczos_eig@_dsesrt_ 0041edf0 f   ARPACK_LANCZOS_EIG.obj
 0001:0001b300       _arpack_lanczos_eig@_dsgets_ 0041f300 f   ARPACK_LANCZOS_EIG.obj
 0001:0001b670       _arpack_lanczos_eig@_dsortr_ 0041f670 f   ARPACK_LANCZOS_EIG.obj
 0001:0001bab0       _arpack_lanczos_eig@_dstats_ 0041fab0 f   ARPACK_LANCZOS_EIG.obj
 0001:0001bbc0       _arpack_lanczos_eig@_dgetv0_ 0041fbc0 f   ARPACK_LANCZOS_EIG.obj
 0001:0001c320       _arpack_lanczos_eig@_dsaitr_ 00420320 f   ARPACK_LANCZOS_EIG.obj
 0001:0001d420       _arpack_lanczos_eig@_dsapps_ 00421420 f   ARPACK_LANCZOS_EIG.obj
 0001:0001e150       _arpack_lanczos_eig@_dsconv_ 00422150 f   ARPACK_LANCZOS_EIG.obj
 0001:0001e2e0       _arpack_lanczos_eig@_dseigt_ 004222e0 f   ARPACK_LANCZOS_EIG.obj
 0001:0001e560       _arpack_lanczos_eig@_dstqrb_ 00422560 f   ARPACK_LANCZOS_EIG.obj
 0001:0001ff50       _arpack_util_              00423f50 f   ARPACK_UTIL.obj
 0001:0001ff60       _arpack_util@_ivout_       00423f60 f   ARPACK_UTIL.obj
 0001:00020790       _arpack_util@_dvout_       00424790 f   ARPACK_UTIL.obj
 0001:00020fb0       _bandit_module_            00424fb0 f   BANDIT_MODULE.obj
 0001:00020fc0       _bandit_module@_bandit_    00424fc0 f   BANDIT_MODULE.obj
 0001:000215f0       _bandit_module@_brigit_    004255f0 f   BANDIT_MODULE.obj
 0001:000218b0       _bandit_module@_case_      004258b0 f   BANDIT_MODULE.obj
 0001:000219f0       _bandit_module@_coreko_    004259f0 f   BANDIT_MODULE.obj
 0001:00021a20       _bandit_module@_cuthil_    00425a20 f   BANDIT_MODULE.obj
 0001:000227f0       _bandit_module@_degree_    004267f0 f   BANDIT_MODULE.obj
 0001:00022900       _bandit_module@_dgree_     00426900 f   BANDIT_MODULE.obj
 0001:00022b90       _bandit_module@_diam_      00426b90 f   BANDIT_MODULE.obj
 0001:00022f20       _bandit_module@_dist_      00426f20 f   BANDIT_MODULE.obj
 0001:000231e0       _bandit_module@_dollar_    004271e0 f   BANDIT_MODULE.obj
 0001:00023f80       _bandit_module@_eltype_    00427f80 f   BANDIT_MODULE.obj
 0001:000243f0       _bandit_module@_finish_    004283f0 f   BANDIT_MODULE.obj
 0001:00024560       _bandit_module@_fixit_     00428560 f   BANDIT_MODULE.obj
 0001:00024680       _bandit_module@_flip_      00428680 f   BANDIT_MODULE.obj
 0001:00024760       _bandit_module@_fndiam_    00428760 f   BANDIT_MODULE.obj
 0001:00024a20       _bandit_module@_front_     00428a20 f   BANDIT_MODULE.obj
 0001:00024f60       _bandit_module@_gibstk_    00428f60 f   BANDIT_MODULE.obj
 0001:00025c40       _bandit_module@_grid_      00429c40 f   BANDIT_MODULE.obj
 0001:00025d10       _bandit_module@_idist_     00429d10 f   BANDIT_MODULE.obj
 0001:00025fb0       _bandit_module@_ignor_     00429fb0 f   BANDIT_MODULE.obj
 0001:00026120       _bandit_module@_insert_    0042a120 f   BANDIT_MODULE.obj
 0001:00026260       _bandit_module@_intern_    0042a260 f   BANDIT_MODULE.obj
 0001:000262f0       _bandit_module@_kompnt_    0042a2f0 f   BANDIT_MODULE.obj
 0001:000265b0       _bandit_module@_left_      0042a5b0 f   BANDIT_MODULE.obj
 0001:00026830       _bandit_module@_lencas_    0042a830 f   BANDIT_MODULE.obj
 0001:000268b0       _bandit_module@_maxdgr_    0042a8b0 f   BANDIT_MODULE.obj
 0001:000269a0       _bandit_module@_mindeg_    0042a9a0 f   BANDIT_MODULE.obj
 0001:00026a90       _bandit_module@_morris_    0042aa90 f   BANDIT_MODULE.obj
 0001:00026cc0       _bandit_module@_mpc_       0042acc0 f   BANDIT_MODULE.obj
 0001:000270f0       _bandit_module@_nasnum_    0042b0f0 f   BANDIT_MODULE.obj
 0001:00027930       _bandit_module@_nbulk_     0042b930 f   BANDIT_MODULE.obj
 0001:00027ac0       _bandit_module@_ndata_     0042bac0 f   BANDIT_MODULE.obj
 0001:00027bb0       _bandit_module@_newin_     0042bbb0 f   BANDIT_MODULE.obj
 0001:00027c60       _bandit_module@_noseq_     0042bc60 f   BANDIT_MODULE.obj
 0001:00027cd0       _bandit_module@_nthru_     0042bcd0 f   BANDIT_MODULE.obj
 0001:00027db0       _bandit_module@_numbr_     0042bdb0 f   BANDIT_MODULE.obj
 0001:00028640       _bandit_module@_piklvl_    0042c640 f   BANDIT_MODULE.obj
 0001:00028ae0       _bandit_module@_puncon_    0042cae0 f   BANDIT_MODULE.obj
 0001:00028ca0       _bandit_module@_readit_    0042cca0 f   BANDIT_MODULE.obj
 0001:00028e00       _bandit_module@_reed_      0042ce00 f   BANDIT_MODULE.obj
 0001:00029670       _bandit_module@_relabl_    0042d670 f   BANDIT_MODULE.obj
 0001:00029d10       _bandit_module@_reset_     0042dd10 f   BANDIT_MODULE.obj
 0001:00029e20       _bandit_module@_revers_    0042de20 f   BANDIT_MODULE.obj
 0001:00029f40       _bandit_module@_rigid_     0042df40 f   BANDIT_MODULE.obj
 0001:0002a7c0       _bandit_module@_rsetup_    0042e7c0 f   BANDIT_MODULE.obj
 0001:0002a990       _bandit_module@_scat_      0042e990 f   BANDIT_MODULE.obj
 0001:0002aa80       _bandit_module@_seqgp_     0042ea80 f   BANDIT_MODULE.obj
 0001:0002aee0       _bandit_module@_setig_     0042eee0 f   BANDIT_MODULE.obj
 0001:0002b060       _bandit_module@_setup_     0042f060 f   BANDIT_MODULE.obj
 0001:0002b3e0       _bandit_module@_sort_      0042f3e0 f   BANDIT_MODULE.obj
 0001:0002b4f0       _bandit_module@_sortdg_    0042f4f0 f   BANDIT_MODULE.obj
 0001:0002b6a0       _bandit_module@_sort2_     0042f6a0 f   BANDIT_MODULE.obj
 0001:0002b810       _bandit_module@_spring_    0042f810 f   BANDIT_MODULE.obj
 0001:0002b9f0       _bandit_module@_stable_    0042f9f0 f   BANDIT_MODULE.obj
 0001:0002bcf0       _bandit_module@_stack_     0042fcf0 f   BANDIT_MODULE.obj
 0001:0002bee0       _bandit_module@_sumup_     0042fee0 f   BANDIT_MODULE.obj
 0001:0002c0c0       _bandit_module@_table2_    004300c0 f   BANDIT_MODULE.obj
 0001:0002c290       _bandit_module@_taxi_      00430290 f   BANDIT_MODULE.obj
 0001:0002c3b0       _bandit_module@_tiger_     004303b0 f   BANDIT_MODULE.obj
 0001:0002c5c0       _bandit_module@_timer_     004305c0 f   BANDIT_MODULE.obj
 0001:0002c630       _bandit_module@_tree_      00430630 f   BANDIT_MODULE.obj
 0001:0002c800       _bandit_module@_wavey_     00430800 f   BANDIT_MODULE.obj
 0001:0002cbf0       _bandit_module@_zero_      00430bf0 f   BANDIT_MODULE.obj
 0001:0002cc90       _lapack_blas_aux_          00430c90 f   LAPACK_BLAS_AUX.obj
 0001:0002cca0       _lapack_blas_aux@_dasum_   00430ca0 f   LAPACK_BLAS_AUX.obj
 0001:0002ce80       _lapack_blas_aux@_daxpy_   00430e80 f   LAPACK_BLAS_AUX.obj
 0001:0002d130       _lapack_blas_aux@_dcopy_   00431130 f   LAPACK_BLAS_AUX.obj
 0001:0002d4f0       _lapack_blas_aux@_ddot_    004314f0 f   LAPACK_BLAS_AUX.obj
 0001:0002d740       _lapack_blas_aux@_dgbmv_   00431740 f   LAPACK_BLAS_AUX.obj
 0001:0002e280       _lapack_blas_aux@_dger_    00432280 f   LAPACK_BLAS_AUX.obj
 0001:0002e5b0       _lapack_blas_aux@_dnrm2_   004325b0 f   LAPACK_BLAS_AUX.obj
 0001:0002e6c0       _lapack_blas_aux@_drot_    004326c0 f   LAPACK_BLAS_AUX.obj
 0001:0002e8e0       _lapack_blas_aux@_dsbmv_   004328e0 f   LAPACK_BLAS_AUX.obj
 0001:0002f5f0       _lapack_blas_aux@_dsymv_   004335f0 f   LAPACK_BLAS_AUX.obj
 0001:00030090       _lapack_blas_aux@_dsyr_    00434090 f   LAPACK_BLAS_AUX.obj
 0001:000305e0       _lapack_blas_aux@_dsyr2_   004345e0 f   LAPACK_BLAS_AUX.obj
 0001:00030e60       _lapack_blas_aux@_dsyr2k_  00434e60 f   LAPACK_BLAS_AUX.obj
 0001:00032050       _lapack_blas_aux@_dsyrk_   00436050 f   LAPACK_BLAS_AUX.obj
 0001:00032e40       _lapack_blas_aux@_dtbsv_   00436e40 f   LAPACK_BLAS_AUX.obj
 0001:00033ef0       _lapack_blas_aux@_dtrmm_   00437ef0 f   LAPACK_BLAS_AUX.obj
 0001:00035300       _lapack_blas_aux@_dtrmv_   00439300 f   LAPACK_BLAS_AUX.obj
 0001:00035fa0       _lapack_blas_aux@_idamax_  00439fa0 f   LAPACK_BLAS_AUX.obj
 0001:00036120       _lapack_blas_aux@_dlabad_  0043a120 f   LAPACK_BLAS_AUX.obj
 0001:00036160       _lapack_blas_aux@_dlacon_  0043a160 f   LAPACK_BLAS_AUX.obj
 0001:00036a30       _lapack_blas_aux@_dlacpy_  0043aa30 f   LAPACK_BLAS_AUX.obj
 0001:00036d80       _lapack_blas_aux@_dlae2_   0043ad80 f   LAPACK_BLAS_AUX.obj
 0001:00036e90       _lapack_blas_aux@_dlaebz_  0043ae90 f   LAPACK_BLAS_AUX.obj
 0001:00037e10       _lapack_blas_aux@_dlaev2_  0043be10 f   LAPACK_BLAS_AUX.obj
 0001:00038060       _lapack_blas_aux@_dlagts_  0043c060 f   LAPACK_BLAS_AUX.obj
 0001:00038e10       _lapack_blas_aux@_dlamc1_  0043ce10 f   LAPACK_BLAS_AUX.obj
 0001:000391a0       _lapack_blas_aux@_dlamc2_  0043d1a0 f   LAPACK_BLAS_AUX.obj
 0001:00039880       _lapack_blas_aux@_dlamc3_  0043d880 f   LAPACK_BLAS_AUX.obj
 0001:000398a0       _lapack_blas_aux@_dlamc4_  0043d8a0 f   LAPACK_BLAS_AUX.obj
 0001:00039ab0       _lapack_blas_aux@_dlamc5_  0043dab0 f   LAPACK_BLAS_AUX.obj
 0001:00039df0       _lapack_blas_aux@_dlansb_  0043ddf0 f   LAPACK_BLAS_AUX.obj
 0001:0003a880       _lapack_blas_aux@_dlansy_  0043e880 f   LAPACK_BLAS_AUX.obj
 0001:0003b1a0       _lapack_blas_aux@_dlapy2_  0043f1a0 f   LAPACK_BLAS_AUX.obj
 0001:0003b1f0       _lapack_blas_aux@_dlaqsb_  0043f1f0 f   LAPACK_BLAS_AUX.obj
 0001:0003b4d0       _lapack_blas_aux@_dlar2v_  0043f4d0 f   LAPACK_BLAS_AUX.obj
 0001:0003b6c0       _lapack_blas_aux@_dlarf_   0043f6c0 f   LAPACK_BLAS_AUX.obj
 0001:0003b8b0       _lapack_blas_aux@_dlarfb_  0043f8b0 f   LAPACK_BLAS_AUX.obj
 0001:0003e7c0       _lapack_blas_aux@_dlarfg_  004427c0 f   LAPACK_BLAS_AUX.obj
 0001:0003ea80       _lapack_blas_aux@_dlarft_  00442a80 f   LAPACK_BLAS_AUX.obj
 0001:0003f290       _lapack_blas_aux@_dlargv_  00443290 f   LAPACK_BLAS_AUX.obj
 0001:0003f5d0       _lapack_blas_aux@_dlarnv_  004435d0 f   LAPACK_BLAS_AUX.obj
 0001:0003f8b0       _lapack_blas_aux@_dlartg_  004438b0 f   LAPACK_BLAS_AUX.obj
 0001:0003fc90       _lapack_blas_aux@_dlartv_  00443c90 f   LAPACK_BLAS_AUX.obj
 0001:0003fe00       _lapack_blas_aux@_dlaruv_  00443e00 f   LAPACK_BLAS_AUX.obj
 0001:00040010       _lapack_blas_aux@_dlascl_  00444010 f   LAPACK_BLAS_AUX.obj
 0001:00040b50       _lapack_blas_aux@_dlaset_  00444b50 f   LAPACK_BLAS_AUX.obj
 0001:00040e70       _lapack_blas_aux@_dlasr_   00444e70 f   LAPACK_BLAS_AUX.obj
 0001:00042290       _lapack_blas_aux@_dlasrt_  00446290 f   LAPACK_BLAS_AUX.obj
 0001:000427a0       _lapack_blas_aux@_dlassq_  004467a0 f   LAPACK_BLAS_AUX.obj
 0001:000428d0       _lapack_blas_aux@_dlaswp_  004468d0 f   LAPACK_BLAS_AUX.obj
 0001:00042da0       _lapack_blas_aux@_dlatbs_  00446da0 f   LAPACK_BLAS_AUX.obj
 0001:000449f0       _lapack_blas_aux@_dlatrd_  004489f0 f   LAPACK_BLAS_AUX.obj
 0001:00045850       _lapack_blas_aux@_dorg2l_  00449850 f   LAPACK_BLAS_AUX.obj
 0001:00045c30       _lapack_blas_aux@_dorg2r_  00449c30 f   LAPACK_BLAS_AUX.obj
 0001:00045fb0       _lapack_blas_aux@_dorgql_  00449fb0 f   LAPACK_BLAS_AUX.obj
 0001:00046840       _lapack_blas_aux@_dorgqr_  0044a840 f   LAPACK_BLAS_AUX.obj
 0001:00047060       _lapack_blas_aux@_drscl_   0044b060 f   LAPACK_BLAS_AUX.obj
 0001:000471a0       _lapack_blas_aux@_dsytd2_  0044b1a0 f   LAPACK_BLAS_AUX.obj
 0001:000478e0       _lapack_blas_aux@_disnan_  0044b8e0 f   LAPACK_BLAS_AUX.obj
 0001:00047900       _lapack_blas_aux@_dlaisnan_ 0044b900 f   LAPACK_BLAS_AUX.obj
 0001:00047930       _lapack_giv_mgiv_eig_      0044b930 f   LAPACK_GIV_MGIV_EIG.obj
 0001:00047940       _lapack_giv_mgiv_eig@_dsbgvx_giv_mgiv_ 0044b940 f   LAPACK_GIV_MGIV_EIG.obj
 0001:00048a90       _lapack_giv_mgiv_eig@_eigenvalue_convergence_failure_ 0044ca90 f   LAPACK_GIV_MGIV_EIG.obj
 0001:00048b80       _lapack_giv_mgiv_eig@_dpbstf_ 0044cb80 f   LAPACK_GIV_MGIV_EIG.obj
 0001:00049270       _lapack_giv_mgiv_eig@_dsbgst_ 0044d270 f   LAPACK_GIV_MGIV_EIG.obj
 0001:000554d0       _lapack_giv_mgiv_eig@_dsbtrd_ 004594d0 f   LAPACK_GIV_MGIV_EIG.obj
 0001:00058140       _lapack_giv_mgiv_eig@_dstebz_ 0045c140 f   LAPACK_GIV_MGIV_EIG.obj
 0001:00059be0       _lapack_giv_mgiv_eig@_dstein_ 0045dbe0 f   LAPACK_GIV_MGIV_EIG.obj
 0001:0005aa00       _lapack_giv_mgiv_eig@_dlagtf_ 0045ea00 f   LAPACK_GIV_MGIV_EIG.obj
 0001:0005ad30       _lapack_lanczos_eig_       0045ed30 f   LAPACK_LANCZOS_EIG.obj
 0001:0005ad40       _lapack_lanczos_eig@_dgeqr2_ 0045ed40 f   LAPACK_LANCZOS_EIG.obj
 0001:0005aff0       _lapack_lanczos_eig@_dorm2r_ 0045eff0 f   LAPACK_LANCZOS_EIG.obj
 0001:0005b480       _lapack_lin_eqn_dgb_       0045f480 f   LAPACK_LIN_EQN_DGB.obj
 0001:0005b490       _lapack_lin_eqn_dgb@_dgbtrf_ 0045f490 f   LAPACK_LIN_EQN_DGB.obj
 0001:0005d510       _lapack_lin_eqn_dgb@_dgbtrs_ 00461510 f   LAPACK_LIN_EQN_DGB.obj
 0001:0005dd10       _lapack_lin_eqn_dgb@_dgbtf2_ 00461d10 f   LAPACK_LIN_EQN_DGB.obj
 0001:0005e230       _lapack_lin_eqn_dge_       00462230 f   LAPACK_LIN_EQN_DGE.obj
 0001:0005e240       _lapack_lin_eqn_dge@_dgetrf_ 00462240 f   LAPACK_LIN_EQN_DGE.obj
 0001:0005e880       _lapack_lin_eqn_dge@_dgetri_ 00462880 f   LAPACK_LIN_EQN_DGE.obj
 0001:0005f200       _lapack_lin_eqn_dge@_dgetrs_ 00463200 f   LAPACK_LIN_EQN_DGE.obj
 0001:0005f5d0       _lapack_lin_eqn_dge@_dgetf2_ 004635d0 f   LAPACK_LIN_EQN_DGE.obj
 0001:0005f8b0       _lapack_lin_eqn_dpb_       004638b0 f   LAPACK_LIN_EQN_DPB.obj
 0001:0005f8c0       _lapack_lin_eqn_dpb@_dpbequ_ 004638c0 f   LAPACK_LIN_EQN_DPB.obj
 0001:0005fc50       _lapack_lin_eqn_dpb@_dpbtrf_ 00463c50 f   LAPACK_LIN_EQN_DPB.obj
 0001:00061210       _lapack_lin_eqn_dpb@_dpbtf2_ 00465210 f   LAPACK_LIN_EQN_DPB.obj
 0001:00061640       _lapack_lin_eqn_dpb@_dpotf2_ 00465640 f   LAPACK_LIN_EQN_DPB.obj
 0001:00061b60       _lapack_lin_eqn_dpb@_dpbcon_ 00465b60 f   LAPACK_LIN_EQN_DPB.obj
 0001:00062120       _lapack_lin_eqn_dpb@_dpbtrs_ 00466120 f   LAPACK_LIN_EQN_DPB.obj
 0001:00062560       _lapack_lin_eqn_dpb@_dpttrf_mystran_ 00466560 f   LAPACK_LIN_EQN_DPB.obj
 0001:00062830       _lapack_lin_eqn_dpb@_dsytf2_ 00466830 f   LAPACK_LIN_EQN_DPB.obj
 0001:00063a50       _lapack_miscel_            00467a50 f   LAPACK_MISCEL.obj
 0001:00063a60       _lapack_miscel@_dstev_     00467a60 f   LAPACK_MISCEL.obj
 0001:00063dc0       _lapack_miscel@_dtrtrs_    00467dc0 f   LAPACK_MISCEL.obj
 0001:00064190       _lapack_std_eig_1_         00468190 f   LAPACK_STD_EIG_1.obj
 0001:000641a0       _lapack_std_eig_1@_dsyev_  004681a0 f   LAPACK_STD_EIG_1.obj
 0001:000646f0       _lapack_std_eig_1@_dsytrd_ 004686f0 f   LAPACK_STD_EIG_1.obj
 0001:00065120       _lapack_std_eig_1@_dorgtr_ 00469120 f   LAPACK_STD_EIG_1.obj
 0001:00065680       _lapack_sym_mat_inv_       00469680 f   LAPACK_SYM_MAT_INV.obj
 0001:00065690       _lapack_sym_mat_inv@_dpotrf_ 00469690 f   LAPACK_SYM_MAT_INV.obj
 0001:00065ea0       _lapack_sym_mat_inv@_dpotri_ 00469ea0 f   LAPACK_SYM_MAT_INV.obj
 0001:00066000       _lapack_sym_mat_inv@_dlauum_ 0046a000 f   LAPACK_SYM_MAT_INV.obj
 0001:000667e0       _lapack_sym_mat_inv@_dlauu2_ 0046a7e0 f   LAPACK_SYM_MAT_INV.obj
 0001:00066c00       _lapack_sym_mat_inv@_dtrti2_ 0046ac00 f   LAPACK_SYM_MAT_INV.obj
 0001:00066fd0       _dscal_                    0046afd0 f   DSCAL.obj
 0001:000671f0       _dgemm_                    0046b1f0 f   DGEMM.obj
 0001:00067f80       _dgemv_                    0046bf80 f   DGEMV.obj
 0001:000688f0       _dlamch_                   0046c8f0 f   DLAMCH.obj
 0001:00068c90       _dlanst_                   0046cc90 f   DLANST.obj
 0001:00069040       _dsteqr_                   0046d040 f   DSTEQR.obj
 0001:0006b040       _dsterf_                   0046f040 f   DSTERF.obj
 0001:0006c210       _dswap_                    00470210 f   DSWAP.obj
 0001:0006c840       _dtrsm_                    00470840 f   DTRSM.obj
 0001:0006e130       _dtrtri_                   00472130 f   DTRTRI.obj
 0001:0006ea70       _ilaenv_                   00472a70 f   ILAENV.OBJ
 0001:0006fea0       _lsame_                    00473ea0 f   LSAME.OBJ
 0001:0006ff00       _xerbla_                   00473f00 f   XERBLA.OBJ
 0001:0006ff80       _arpack_info_msg_          00473f80 f   ARPACK_INFO_MSG.obj
 0001:000716c0       _bandit_block_data_        004756c0 f   BANDIT_BLOCK_DATA.obj
 0001:000716d0       _bandit_files_             004756d0 f   BANDIT_FILES.obj
 0001:000728a0       _check_te_matrix_          004768a0 f   CHECK_TE_MATRIX.obj
 0001:00072990       _elmdat1_                  00476990 f   ELMDAT1.obj
 0001:00076dc0       _elmdat1@_debug_elmdat1_for_bush_ 0047adc0 f   ELMDAT1.obj
 0001:00077340       _elmdat2_                  0047b340 f   ELMDAT2.obj
 0001:00078670       _elmgm1_                   0047c670 f   ELMGM1.obj
 0001:0007af20       _elmgm1@_debug_elmgm1_for_bush_ 0047ef20 f   ELMGM1.obj
 0001:0007b0f0       _elmgm2_                   0047f0f0 f   ELMGM2.obj
 0001:0007c3f0       _elmgm2@_quad_geom_check_  004803f0 f   ELMGM2.obj
 0001:0007dba0       _elmgm2@_calc_bmeant_      00481ba0 f   ELMGM2.obj
 0001:0007e5e0       _elmgm3_                   004825e0 f   ELMGM3.obj
 0001:0007f5f0       _emg_                      004835f0 f   EMG.obj
 0001:00080cd0       _emg@_emg_init_            00484cd0 f   EMG.obj
 0001:00082450       _emg@_edat_fixup_          00486450 f   EMG.obj
 0001:000827f0       _get_elem_agrid_bgrid_     004867f0 f   GET_ELEM_AGRID_BGRID.obj
 0001:00082d00       _get_elem_oname_           00486d00 f   GET_ELEM_ONAME.obj
 0001:00082ff0       _get_elgp_                 00486ff0 f   GET_ELGP.obj
 0001:000833c0       _get_matangle_from_cid_    004873c0 f   GET_MATANGLE_FROM_CID.obj
 0001:000838b0       _get_pcomp_sect_props_     004878b0 f   GET_PCOMP_SECT_PROPS.obj
 0001:00083ae0       _grid_elem_conn_table_     00487ae0 f   GRID_ELEM_CONN_TABLE.obj
 0001:000840e0       _is_elem_pcomp_props_      004880e0 f   IS_ELEM_PCOMP_PROPS.obj
 0001:00084220       _rot_comp_elem_axes_       00488220 f   ROT_COMP_ELEM_AXES.obj
 0001:00085370       _shell_abd_matrices_       00489370 f   SHELL_ABD_MATRICES.obj
 0001:00087610       _shell_abd_matrices@_bug_shell_abd_matrices_ 0048b610 f   SHELL_ABD_MATRICES.obj
 0001:000894a0       _solve_shell_alp_          0048d4a0 f   SOLVE_SHELL_ALP.obj
 0001:00089a40       _write_pcomp_equiv_        0048da40 f   WRITE_PCOMP_EQUIV.obj
 0001:0008b1b0       _write_pcomp_equiv@_get_char8_outputs_ 0048f1b0 f   WRITE_PCOMP_EQUIV.obj
 0001:0008b850       _elmoff_                   0048f850 f   ELMOFF.obj
 0001:0008efe0       _elmoff@_mult_offset_      00492fe0 f   ELMOFF.obj
 0001:0008f2e0       _elmout_                   004932e0 f   ELMOUT.obj
 0001:000938d0       _elmtlb_                   004978d0 f   ELMTLB.obj
 0001:00094e60       _bar1_                     00498e60 f   BAR1.obj
 0001:00097bc0       _bar1@_debug_bar1_         0049bbc0 f   BAR1.obj
 0001:000981f0       _bart_                     0049c1f0 f   BART.obj
 0001:0009abe0       _bart@_debug_bart_         0049ebe0 f   BART.obj
 0001:0009b080       _beam_                     0049f080 f   BEAM.obj
 0001:0009b120       _brel1_                    0049f120 f   BREL1.obj
 0001:0009b8f0       _bush_                     0049f8f0 f   BUSH.obj
 0001:0009c430       _elas1_                    004a0430 f   ELAS1.obj
 0001:0009c6b0       _kuser1_                   004a06b0 f   KUSER1.obj
 0001:0009c760       _pinflg_                   004a0760 f   PINFLG.obj
 0001:0009cd00       _rod1_                     004a0d00 f   ROD1.obj
 0001:0009d200       _userin_                   004a1200 f   USERIN.obj
 0001:0009ef00       _userin@_get_tn_transform_mat_ 004a2f00 f   USERIN.obj
 0001:0009f290       _userin@_transform_userin_rbm0_ 004a3290 f   USERIN.obj
 0001:0009f6f0       _userin@_deb_userin_       004a36f0 f   USERIN.obj
 0001:000a0800       _calc_phi_sq_              004a4800 f   CALC_PHI_SQ.obj
 0001:000a0c90       _get_elem_num_plies_       004a4c90 f   GET_ELEM_NUM_PLIES.obj
 0001:000a0f20       _qdel1_                    004a4f20 f   QDEL1.obj
 0001:000a2200       _qmem1_                    004a6200 f   QMEM1.obj
 0001:000a5560       _qmem1@_qmem1_rb_strain_energy_ 004a9560 f   QMEM1.obj
 0001:000a6080       _qplt1_                    004aa080 f   QPLT1.obj
 0001:000a7860       _qplt2_                    004ab860 f   QPLT2.obj
 0001:000ab080       _qplt3_                    004af080 f   QPLT3.obj
 0001:000af920       _qplt3@_qplt3_init_        004b3920 f   QPLT3.obj
 0001:000b0400       _qplt3@_elmgm_tria_        004b4400 f   QPLT3.obj
 0001:000b1350       _qplt3@_b54_reduction_     004b5350 f   QPLT3.obj
 0001:000b24e0       _qplt3@_static_condensation_ 004b64e0 f   QPLT3.obj
 0001:000b39e0       _qplt3@_invert_33_mat_     004b79e0 f   QPLT3.obj
 0001:000b3e40       _qplt3@_deb_qplt3_1_       004b7e40 f   QPLT3.obj
 0001:000b6970       _qplt3@_deb_qplt3_2_       004ba970 f   QPLT3.obj
 0001:000b7350       _qshear_                   004bb350 f   QSHEAR.obj
 0001:000b8720       _tmem1_                    004bc720 f   TMEM1.obj
 0001:000b9450       _tplt1_                    004bd450 f   TPLT1.obj
 0001:000bbab0       _tplt1@_atra_              004bfab0 f   TPLT1.obj
 0001:000bbc40       _tplt2_                    004bfc40 f   TPLT2.obj
 0001:000be700       _trel1_                    004c2700 f   TREL1.obj
 0001:000bf440       _hexa_                     004c3440 f   HEXA.obj
 0001:000c3ce0       _hexa@_press_face_grids_   004c7ce0 f   HEXA.obj
 0001:000c4230       _hexa@_calc_face_area_     004c8230 f   HEXA.obj
 0001:000c4740       _hexa@_press_load_debug_   004c8740 f   HEXA.obj
 0001:000c4a00       _penta_                    004c8a00 f   PENTA.obj
 0001:000c8380       _tetra_                    004cc380 f   TETRA.obj
 0001:000ca740       _b3d_isoparametric_        004ce740 f   B3D_ISOPARAMETRIC.obj
 0001:000cb3f0       _bbdkq_                    004cf3f0 f   BBDKQ.obj
 0001:000cc3a0       _bbmin3_                   004d03a0 f   BBMIN3.obj
 0001:000cc7c0       _bbmin4_                   004d07c0 f   BBMIN4.obj
 0001:000cce00       _bcheck_2d_                004d0e00 f   BCHECK_2D.obj
 0001:000cde50       _bcheck_3d_                004d1e50 f   BCHECK_3D.obj
 0001:000ceee0       _bmqmem_                   004d2ee0 f   BMQMEM.obj
 0001:000cf600       _bsmin3_                   004d3600 f   BSMIN3.obj
 0001:000cfc20       _bsmin4_                   004d3c20 f   BSMIN4.obj
 0001:000d0270       _min4sh_                   004d4270 f   MIN4SH.obj
 0001:000d0bc0       _order_gauss_              004d4bc0 f   ORDER_GAUSS.obj
 0001:000d0fe0       _order_tetra_              004d4fe0 f   ORDER_TETRA.obj
 0001:000d1300       _order_tria_               004d5300 f   ORDER_TRIA.obj
 0001:000d1700       _shp2dq_                   004d5700 f   SHP2DQ.obj
 0001:000d2630       _shp3dh_                   004d6630 f   SHP3DH.obj
 0001:000d4370       _shp3dp_                   004d8370 f   SHP3DP.obj
 0001:000d5420       _shp3dt_                   004d9420 f   SHP3DT.obj
 0001:000d65e0       _jac2d_                    004da5e0 f   JAC2D.obj
 0001:000d6ab0       _jac3d_                    004daab0 f   JAC3D.obj
 0001:000d71e0       _material_props_2d_        004db1e0 f   MATERIAL_PROPS_2D.obj
 0001:000d9e70       _material_props_3d_        004dde70 f   MATERIAL_PROPS_3D.obj
 0001:000da710       _matget_                   004de710 f   MATGET.obj
 0001:000da8c0       _matput_                   004de8c0 f   MATPUT.obj
 0001:000daa00       _rot_axes_matl_to_loc_     004dea00 f   ROT_AXES_MATL_TO_LOC.obj
 0001:000db480       _rot_axes_matl_to_loc@_get_t1_transform_mat_ 004df480 f   ROT_AXES_MATL_TO_LOC.obj
 0001:000db700       _cshift_                   004df700 f   CSHIFT.obj
 0001:000db920       _ec_debug_                 004df920 f   EC_DEBUG.obj
 0001:000dbbc0       _ec_in4fil_                004dfbc0 f   EC_IN4FIL.obj
 0001:000dc060       _ec_output4_               004e0060 f   EC_OUTPUT4.obj
 0001:000dd2a0       _ec_output4@_ou4_name_alias_ 004e12a0 f   EC_OUTPUT4.obj
 0001:000dd550       _ec_output4@_check_matrix_name_ 004e1550 f   EC_OUTPUT4.obj
 0001:000dd970       _ec_partn_                 004e1970 f   EC_PARTN.obj
 0001:000de490       _elepro_                   004e2490 f   ELEPRO.obj
 0001:000debf0       _ffield_                   004e2bf0 f   FFIELD.obj
 0001:000df810       _ffield2_                  004e3810 f   FFIELD2.obj
 0001:000e08f0       _is_this_a_restart_        004e48f0 f   IS_THIS_A_RESTART.obj
 0001:000e0a10       _loadb_                    004e4a10 f   LOADB.obj
 0001:000e4b30       _loadb@_calc_max_stress_points_ 004e8b30 f   LOADB.obj
 0001:000e4be0       _loadb@_calc_max_gauss_points_ 004e8be0 f   LOADB.obj
 0001:000e4c50       _loadb_restart_            004e8c50 f   LOADB_RESTART.obj
 0001:000e5a20       _loadb0_                   004e9a20 f   LOADB0.obj
 0001:000e72b0       _loadc_                    004eb2b0 f   LOADC.obj
 0001:000e8280       _loadc0_                   004ec280 f   LOADC0.obj
 0001:000e8510       _loade_                    004ec510 f   LOADE.obj
 0001:000e9700       _loade0_                   004ed700 f   LOADE0.obj
 0001:000e9aa0       _read_include_filnam_      004edaa0 f   READ_INCLUDE_FILNAM.obj
 0001:000ea060       _read_include_filnam@_deb_read_incl_filnam_ 004ee060 f   READ_INCLUDE_FILNAM.obj
 0001:000ea0f0       _replace_tabs_w_blanks_    004ee0f0 f   REPLACE_TABS_W_BLANKS.obj
 0001:000ea300       _rw_include_files_         004ee300 f   RW_INCLUDE_FILES.obj
 0001:000ea590       _bd_aset_                  004ee590 f   BD_ASET.obj
 0001:000ea9a0       _bd_aset1_                 004ee9a0 f   BD_ASET1.obj
 0001:000eb470       _bd_baror0_                004ef470 f   BD_BAROR0.obj
 0001:000ebb50       _bd_baror_                 004efb50 f   BD_BAROR.obj
 0001:000ec1b0       _bd_beamor0_               004f01b0 f   BD_BEAMOR0.obj
 0001:000ec890       _bd_beamor_                004f0890 f   BD_BEAMOR.obj
 0001:000ecef0       _bd_cbar_                  004f0ef0 f   BD_CBAR.obj
 0001:000ee8b0       _bd_cbar0_                 004f28b0 f   BD_CBAR0.obj
 0001:000eec70       _bd_cbush_                 004f2c70 f   BD_CBUSH.obj
 0001:000f0140       _bd_cbush0_                004f4140 f   BD_CBUSH0.obj
 0001:000f04f0       _bd_celas1_                004f44f0 f   BD_CELAS1.obj
 0001:000f0c10       _bd_celas2_                004f4c10 f   BD_CELAS2.obj
 0001:000f1630       _bd_celas3_                004f5630 f   BD_CELAS3.obj
 0001:000f1ac0       _bd_celas4_                004f5ac0 f   BD_CELAS4.obj
 0001:000f20f0       _bd_chexa_                 004f60f0 f   BD_CHEXA.obj
 0001:000f3060       _bd_chexa0_                004f7060 f   BD_CHEXA0.obj
 0001:000f32f0       _bd_cmass1_                004f72f0 f   BD_CMASS1.obj
 0001:000f3840       _bd_cmass2_                004f7840 f   BD_CMASS2.obj
 0001:000f3e40       _bd_cmass3_                004f7e40 f   BD_CMASS3.obj
 0001:000f4450       _bd_cmass4_                004f8450 f   BD_CMASS4.obj
 0001:000f4ad0       _bd_conm2_                 004f8ad0 f   BD_CONM2.obj
 0001:000f5840       _bd_conrod_                004f9840 f   BD_CONROD.obj
 0001:000f60b0       _bd_cord_                  004fa0b0 f   BD_CORD.obj
 0001:000f7280       _bd_cpenta_                004fb280 f   BD_CPENTA.obj
 0001:000f8230       _bd_cpenta0_               004fc230 f   BD_CPENTA0.obj
 0001:000f83d0       _bd_cquad_                 004fc3d0 f   BD_CQUAD.obj
 0001:000f90b0       _bd_cquad0_                004fd0b0 f   BD_CQUAD0.obj
 0001:000f92d0       _bd_crod_                  004fd2d0 f   BD_CROD.obj
 0001:000f9760       _bd_cshear_                004fd760 f   BD_CSHEAR.obj
 0001:000f9c00       _bd_ctetra_                004fdc00 f   BD_CTETRA.obj
 0001:000fa700       _bd_ctetra0_               004fe700 f   BD_CTETRA0.obj
 0001:000fa8f0       _bd_ctria_                 004fe8f0 f   BD_CTRIA.obj
 0001:000fb5d0       _bd_ctria0_                004ff5d0 f   BD_CTRIA0.obj
 0001:000fb7d0       _bd_cuser1_                004ff7d0 f   BD_CUSER1.obj
 0001:000fbee0       _bd_cuserin0_              004ffee0 f   BD_CUSERIN0.obj
 0001:000fc020       _bd_cuserin_               00500020 f   BD_CUSERIN.obj
 0001:000fd6c0       _bd_debug0_                005016c0 f   BD_DEBUG0.obj
 0001:000fd790       _bd_debug_                 00501790 f   BD_DEBUG.obj
 0001:000fda10       _bd_eigr_                  00501a10 f   BD_EIGR.obj
 0001:000fe3b0       _bd_eigr@_eigr_data_check_ 005023b0 f   BD_EIGR.obj
 0001:000fe7d0       _bd_eigrl_                 005027d0 f   BD_EIGRL.obj
 0001:000ff180       _bd_eigrl@_eigrl_data_check_ 00503180 f   BD_EIGRL.obj
 0001:000ff4f0       _bd_formom_                005034f0 f   BD_FORMOM.obj
 0001:000ffbd0       _bd_grav_                  00503bd0 f   BD_GRAV.obj
 0001:001004a0       _bd_grdset_                005044a0 f   BD_GRDSET.obj
 0001:00100950       _bd_grdset0_               00504950 f   BD_GRDSET0.obj
 0001:00100b70       _bd_grid_                  00504b70 f   BD_GRID.obj
 0001:00101270       _bd_imbedded_blank_        00505270 f   BD_IMBEDDED_BLANK.obj
 0001:00101740       _bd_load_                  00505740 f   BD_LOAD.obj
 0001:00102450       _bd_load0_                 00506450 f   BD_LOAD0.obj
 0001:001027b0       _bd_mat1_                  005067b0 f   BD_MAT1.obj
 0001:00102f60       _bd_mat1@_mat1_value_check_ 00506f60 f   BD_MAT1.obj
 0001:001038e0       _bd_mat2_                  005078e0 f   BD_MAT2.obj
 0001:00103e80       _bd_mat8_                  00507e80 f   BD_MAT8.obj
 0001:00104800       _bd_mat8@_mat8_value_check_ 00508800 f   BD_MAT8.obj
 0001:001049d0       _bd_mat9_                  005089d0 f   BD_MAT9.obj
 0001:001054b0       _bd_mpc_                   005094b0 f   BD_MPC.obj
 0001:001060e0       _bd_mpc0_                  0050a0e0 f   BD_MPC0.obj
 0001:001063b0       _bd_mpcadd_                0050a3b0 f   BD_MPCADD.obj
 0001:00106de0       _bd_mpcadd0_               0050ade0 f   BD_MPCADD0.obj
 0001:00107110       _bd_nlparm_                0050b110 f   BD_NLPARM.obj
 0001:00107580       _bd_param_                 0050b580 f   BD_PARAM.obj
 0001:00115b10       _bd_param@_load_usetstr_table_ 00519b10 f   BD_PARAM.obj
 0001:00115c60       _bd_param0_                00519c60 f   BD_PARAM0.obj
 0001:00115f70       _bd_parvec_                00519f70 f   BD_PARVEC.obj
 0001:00116560       _bd_parvec1_               0051a560 f   BD_PARVEC1.obj
 0001:001170a0       _bd_pbar_                  0051b0a0 f   BD_PBAR.obj
 0001:00117c30       _bd_pbarl_                 0051bc30 f   BD_PBARL.obj
 0001:00119550       _bd_pbarl@_section_props_bar_ 0051d550 f   BD_PBARL.obj
 0001:001196b0       _bd_pbarl@_section_props_box_ 0051d6b0 f   BD_PBARL.obj
 0001:001198c0       _bd_pbarl@_section_props_box1_ 0051d8c0 f   BD_PBARL.obj
 0001:00119c30       _bd_pbarl@_section_props_chan_ 0051dc30 f   BD_PBARL.obj
 0001:00119e80       _bd_pbarl@_section_props_chan1_ 0051de80 f   BD_PBARL.obj
 0001:0011a0b0       _bd_pbarl@_section_props_chan2_ 0051e0b0 f   BD_PBARL.obj
 0001:0011a2e0       _bd_pbarl@_section_props_cross_ 0051e2e0 f   BD_PBARL.obj
 0001:0011a4b0       _bd_pbarl@_section_props_h_ 0051e4b0 f   BD_PBARL.obj
 0001:0011a620       _bd_pbarl@_section_props_hat_ 0051e620 f   BD_PBARL.obj
 0001:0011a910       _bd_pbarl@_section_props_hexa_ 0051e910 f   BD_PBARL.obj
 0001:0011ab50       _bd_pbarl@_section_props_i_ 0051eb50 f   BD_PBARL.obj
 0001:0011adc0       _bd_pbarl@_section_props_i1_ 0051edc0 f   BD_PBARL.obj
 0001:0011aff0       _bd_pbarl@_section_props_rod_ 0051eff0 f   BD_PBARL.obj
 0001:0011b120       _bd_pbarl@_section_props_t_ 0051f120 f   BD_PBARL.obj
 0001:0011b3a0       _bd_pbarl@_section_props_t1_ 0051f3a0 f   BD_PBARL.obj
 0001:0011b600       _bd_pbarl@_section_props_t2_ 0051f600 f   BD_PBARL.obj
 0001:0011b8a0       _bd_pbarl@_section_props_tube_ 0051f8a0 f   BD_PBARL.obj
 0001:0011ba30       _bd_pbarl@_section_props_z_ 0051fa30 f   BD_PBARL.obj
 0001:0011bc40       _bd_pbeam_                 0051fc40 f   BD_PBEAM.obj
 0001:0011d250       _bd_pbush_                 00521250 f   BD_PBUSH.obj
 0001:0011dcb0       _bd_pcomp_                 00521cb0 f   BD_PCOMP.obj
 0001:0011fbc0       _bd_pcomp0_                00523bc0 f   BD_PCOMP0.obj
 0001:0011fee0       _bd_pcomp1_                00523ee0 f   BD_PCOMP1.obj
 0001:001214b0       _bd_pcomp10_               005254b0 f   BD_PCOMP10.obj
 0001:001217c0       _bd_pelas_                 005257c0 f   BD_PELAS.obj
 0001:00121aa0       _bd_pload2_                00525aa0 f   BD_PLOAD2.obj
 0001:00122080       _bd_pload4_                00526080 f   BD_PLOAD4.obj
 0001:00122610       _bd_plotel_                00526610 f   BD_PLOTEL.obj
 0001:00122d80       _bd_pmass_                 00526d80 f   BD_PMASS.obj
 0001:001231a0       _bd_prod_                  005271a0 f   BD_PROD.obj
 0001:00123550       _bd_pshear_                00527550 f   BD_PSHEAR.obj
 0001:00123980       _bd_pshel_                 00527980 f   BD_PSHEL.obj
 0001:00124420       _bd_psolid_                00528420 f   BD_PSOLID.obj
 0001:00124dc0       _bd_puser1_                00528dc0 f   BD_PUSER1.obj
 0001:001253a0       _bd_puserin_               005293a0 f   BD_PUSERIN.obj
 0001:001257c0       _bd_rbar_                  005297c0 f   BD_RBAR.obj
 0001:00125ff0       _bd_rbe1_                  00529ff0 f   BD_RBE1.obj
 0001:00127760       _bd_rbe2_                  0052b760 f   BD_RBE2.obj
 0001:00127ec0       _bd_rbe30_                 0052bec0 f   BD_RBE30.obj
 0001:00128120       _bd_rbe3_                  0052c120 f   BD_RBE3.obj
 0001:001294b0       _bd_rforce_                0052d4b0 f   BD_RFORCE.obj
 0001:00129c70       _bd_rspline0_              0052dc70 f   BD_RSPLINE0.obj
 0001:00129e00       _bd_rspline_               0052de00 f   BD_RSPLINE.obj
 0001:0012ad20       _bd_seqgp_                 0052ed20 f   BD_SEQGP.obj
 0001:0012b0c0       _bd_sload0_                0052f0c0 f   BD_SLOAD0.obj
 0001:0012b1d0       _bd_sload_                 0052f1d0 f   BD_SLOAD.obj
 0001:0012b730       _bd_spc_                   0052f730 f   BD_SPC.obj
 0001:0012be00       _bd_spc1_                  0052fe00 f   BD_SPC1.obj
 0001:0012c860       _bd_spcadd0_               00530860 f   BD_SPCADD0.obj
 0001:0012cb90       _bd_spcadd_                00530b90 f   BD_SPCADD.obj
 0001:0012d5c0       _bd_spoint0_               005315c0 f   BD_SPOINT0.obj
 0001:0012d910       _bd_spoint_                00531910 f   BD_SPOINT.obj
 0001:0012df70       _bd_suport_                00531f70 f   BD_SUPORT.obj
 0001:0012e380       _bd_temp_                  00532380 f   BD_TEMP.obj
 0001:0012e9c0       _bd_tempd_                 005329c0 f   BD_TEMPD.obj
 0001:0012f240       _bd_temprp_                00533240 f   BD_TEMPRP.obj
 0001:001304b0       _bd_uset_                  005344b0 f   BD_USET.obj
 0001:00130a10       _bd_uset1_                 00534a10 f   BD_USET1.obj
 0001:001314b0       _cc_acce_                  005354b0 f   CC_ACCE.obj
 0001:00131880       _cc_disp_                  00535880 f   CC_DISP.obj
 0001:00131c50       _cc_echo_                  00535c50 f   CC_ECHO.obj
 0001:00131ef0       _cc_elda_                  00535ef0 f   CC_ELDA.obj
 0001:001325d0       _cc_elfo_                  005365d0 f   CC_ELFO.obj
 0001:00132b20       _cc_enfo_                  00536b20 f   CC_ENFO.obj
 0001:00132ca0       _cc_gpfo_                  00536ca0 f   CC_GPFO.obj
 0001:00132db0       _cc_labe_                  00536db0 f   CC_LABE.obj
 0001:00132ff0       _cc_load_                  00536ff0 f   CC_LOAD.obj
 0001:00133120       _cc_meth_                  00537120 f   CC_METH.obj
 0001:00133200       _cc_mpc_                   00537200 f   CC_MPC.obj
 0001:00133300       _cc_mpcf_                  00537300 f   CC_MPCF.obj
 0001:001336d0       _cc_nlparm_                005376d0 f   CC_NLPARM.obj
 0001:00133820       _cc_oloa_                  00537820 f   CC_OLOA.obj
 0001:00133bf0       _cc_outputs_               00537bf0 f   CC_OUTPUTS.obj
 0001:00133f00       _cc_set_                   00537f00 f   CC_SET.obj
 0001:00135500       _cc_set0_                  00539500 f   CC_SET0.obj
 0001:001359a0       _cc_spc_                   005399a0 f   CC_SPC.obj
 0001:00135aa0       _cc_spcf_                  00539aa0 f   CC_SPCF.obj
 0001:00135e70       _cc_stre_                  00539e70 f   CC_STRE.obj
 0001:00135f80       _cc_strn_                  00539f80 f   CC_STRN.obj
 0001:00136090       _cc_subc_                  0053a090 f   CC_SUBC.obj
 0001:001363b0       _cc_subt_                  0053a3b0 f   CC_SUBT.obj
 0001:001365f0       _cc_temp_                  0053a5f0 f   CC_TEMP.obj
 0001:00136730       _cc_titl_                  0053a730 f   CC_TITL.obj
 0001:00136970       _chk_cc_cmd_describers_    0053a970 f   CHK_CC_CMD_DESCRIBERS.obj
 0001:00142590       _cord_proc_                00546590 f   CORD_PROC.obj
 0001:00149370       _cord_proc@_cordchk_       0054d370 f   CORD_PROC.obj
 0001:00149550       _cord_proc@_param_prtcord_output_ 0054d550 f   CORD_PROC.obj
 0001:0014ba50       _dof_proc_                 0054fa50 f   DOF_PROC.obj
 0001:0014bc80       _grid_proc_                0054fc80 f   GRID_PROC.obj
 0001:0014cf00       _ou4_partvec_proc_         00550f00 f   OU4_PARTVEC_PROC.obj
 0001:0014e260       _ou4_partvec_proc@_allocate_part_vecs_ 00552260 f   OU4_PARTVEC_PROC.obj
 0001:0014e5a0       _ou4_partvec_proc@_deallocate_part_vecs_ 005525a0 f   OU4_PARTVEC_PROC.obj
 0001:0014e670       _ou4_partvec_proc@_get_ou4_part_grd_comp_ 00552670 f   OU4_PARTVEC_PROC.obj
 0001:0014ef60       _ou4_partvec_proc@_check_part_vecs_ 00552f60 f   OU4_PARTVEC_PROC.obj
 0001:0014f300       _ou4_partvec_proc@_ou4_partvec_proc_deb_ 00553300 f   OU4_PARTVEC_PROC.obj
 0001:0014f530       _rdof_                     00553530 f   RDOF.obj
 0001:0014f6e0       _seq_proc_                 005536e0 f   SEQ_PROC.obj
 0001:00150ab0       _seq_proc@_auto_seq_proc_  00554ab0 f   SEQ_PROC.obj
 0001:00151b40       _seq_proc@_auto_seq_proc_wrapup_ 00555b40 f   SEQ_PROC.obj
 0001:00151c00       _tdof_col_num_             00555c00 f   TDOF_COL_NUM.obj
 0001:00152040       _tdof_proc_                00556040 f   TDOF_PROC.obj
 0001:00155690       _tset_proc_                00559690 f   TSET_PROC.obj
 0001:00155d30       _tset_proc_for_mpcs_       00559d30 f   TSET_PROC_FOR_MPCS.obj
 0001:00156420       _tset_proc_for_omits_      0055a420 f   TSET_PROC_FOR_OMITS.obj
 0001:00156d10       _tset_proc_for_rigels_     0055ad10 f   TSET_PROC_FOR_RIGELS.obj
 0001:00158d50       _tset_proc_for_spcs_       0055cd50 f   TSET_PROC_FOR_SPCS.obj
 0001:00159e70       _tset_proc_for_suports_    0055de70 f   TSET_PROC_FOR_SUPORTS.obj
 0001:0015a200       _uset_proc_                0055e200 f   USET_PROC.obj
 0001:0015ab60       _conm2_proc_1_             0055eb60 f   CONM2_PROC_1.obj
 0001:0015bf00       _conm2_proc_1@_conm2_proc_1_deb_ 0055ff00 f   CONM2_PROC_1.obj
 0001:0015c110       _conm2_proc_2_             00560110 f   CONM2_PROC_2.obj
 0001:0015cce0       _conm2_proc_2@_conm2_proc_2_deb_ 00560ce0 f   CONM2_PROC_2.obj
 0001:0015cef0       _elem_prop_matl_iids_      00560ef0 f   ELEM_PROP_MATL_IIDS.obj
 0001:00160180       _elem_transform_lbg_       00564180 f   ELEM_TRANSFORM_LBG.obj
 0001:001613e0       _elesort_                  005653e0 f   ELESORT.obj
 0001:00161bc0       _elsave_                   00565bc0 f   ELSAVE.obj
 0001:00163ce0       _gpwg_                     00567ce0 f   GPWG.obj
 0001:001658f0       _gpwg_pmoi_                005698f0 f   GPWG_PMOI.obj
 0001:00165d20       _gpwg_userin_              00569d20 f   GPWG_USERIN.obj
 0001:001664b0       _rb_disp_matrix_proc_      0056a4b0 f   RB_DISP_MATRIX_PROC.obj
 0001:00167b90       _subcase_proc_             0056bb90 f   SUBCASE_PROC.obj
 0001:0016d200       _subcase_proc@_setpro_     00571200 f   SUBCASE_PROC.obj
 0001:0016da00       _subcase_proc@_param_prtscp_output_ 00571a00 f   SUBCASE_PROC.obj
 0001:0016e380       _eptl_                     00572380 f   EPTL.obj
 0001:0016efa0       _force_mom_proc_           00572fa0 f   FORCE_MOM_PROC.obj
 0001:001705a0       _get_grid_6x6_mass_        005745a0 f   GET_GRID_6X6_MASS.obj
 0001:00170c40       _grav_proc_                00574c40 f   GRAV_PROC.obj
 0001:00172720       _mpc_proc_                 00576720 f   MPC_PROC.obj
 0001:00172fb0       _pressure_data_proc_       00576fb0 f   PRESSURE_DATA_PROC.obj
 0001:001746a0       _pressure_data_proc@_epput_ 005786a0 f   PRESSURE_DATA_PROC.obj
 0001:001749f0       _rbe2_proc_                005789f0 f   RBE2_PROC.obj
 0001:00175a60       _rbe3_proc_                00579a60 f   RBE3_PROC.obj
 0001:001774b0       _rbe3_proc@_write_l1j_123_ 0057b4b0 f   RBE3_PROC.obj
 0001:001776d0       _rbe3_proc@_write_l1j_456_ 0057b6d0 f   RBE3_PROC.obj
 0001:00177ab0       _rforce_proc_              0057bab0 f   RFORCE_PROC.obj
 0001:00179520       _rforce_proc@_get_grid_ang_accel_ 0057d520 f   RFORCE_PROC.obj
 0001:00179600       _rigid_elem_proc_          0057d600 f   RIGID_ELEM_PROC.obj
 0001:00179900       _rspline_proc_             0057d900 f   RSPLINE_PROC.obj
 0001:0017afe0       _rspline_proc@_rspline_geom_ 0057efe0 f   RSPLINE_PROC.obj
 0001:0017b4b0       _rspline_proc@_rspline_functions_ 0057f4b0 f   RSPLINE_PROC.obj
 0001:0017b7b0       _rspline_proc@_assemble_fr_ 0057f7b0 f   RSPLINE_PROC.obj
 0001:0017bc30       _rspline_proc@_transform_fr_e0_ 0057fc30 f   RSPLINE_PROC.obj
 0001:0017bef0       _rspline_proc@_transform_fr_0g_ 0057fef0 f   RSPLINE_PROC.obj
 0001:0017c1c0       _rspline_proc@_deb_rspline_proc_ 005801c0 f   RSPLINE_PROC.obj
 0001:0017c8f0       _sload_proc_               005808f0 f   SLOAD_PROC.obj
 0001:0017d2b0       _temperature_data_proc_    005812b0 f   TEMPERATURE_DATA_PROC.obj
 0001:0017e3a0       _temperature_data_proc@_tempd_data_proc_ 005823a0 f   TEMPERATURE_DATA_PROC.obj
 0001:0017e720       _temperature_data_proc@_grid_temp_data_proc_ 00582720 f   TEMPERATURE_DATA_PROC.obj
 0001:0017ec20       _temperature_data_proc@_elem_temp_data_proc_ 00582c20 f   TEMPERATURE_DATA_PROC.obj
 0001:0017f5b0       _temperature_data_proc@_elem_temp_chk_ 005835b0 f   TEMPERATURE_DATA_PROC.obj
 0001:0017fa00       _temperature_data_proc@_etput_ 00583a00 f   TEMPERATURE_DATA_PROC.obj
 0001:0017fd10       _ys_array_                 00583d10 f   YS_ARRAY.obj
 0001:0017ffe0       _emp_                      00583fe0 f   EMP.obj
 0001:00180ee0       _emp@_dumpems_             00584ee0 f   EMP.obj
 0001:001815c0       _emp0_                     005855c0 f   EMP0.obj
 0001:00181640       _emp0@_emp0_0_             00585640 f   EMP0.obj
 0001:00181840       _emp0@_emp0_3_             00585840 f   EMP0.obj
 0001:00181c50       _esp_                      00585c50 f   ESP.obj
 0001:00183b30       _esp@_dumpstf_             00587b30 f   ESP.obj
 0001:00183fe0       _esp@_write_neg_diag_stiffness_ 00587fe0 f   ESP.obj
 0001:001846b0       _esp0_                     005886b0 f   ESP0.obj
 0001:001847f0       _esp0@_esp0_0_             005887f0 f   ESP0.obj
 0001:00184a40       _esp0@_esp0_1_             00588a40 f   ESP0.obj
 0001:00184b40       _esp0@_esp0_2_             00588b40 f   ESP0.obj
 0001:00184c90       _esp0@_esp0_3_             00588c90 f   ESP0.obj
 0001:001851a0       _esp0_final_               005891a0 f   ESP0_FINAL.obj
 0001:001858b0       _kgg_singularity_proc_     005898b0 f   KGG_SINGULARITY_PROC.obj
 0001:00186630       _kgg_singularity_proc@_k33_eigens_ 0058a630 f   KGG_SINGULARITY_PROC.obj
 0001:00186880       _kgg_singularity_proc@_kgg_sing_proc_debug_ 0058a880 f   KGG_SINGULARITY_PROC.obj
 0001:00186a10       _mggc_mass_matrix_         0058aa10 f   MGGC_MASS_MATRIX.obj
 0001:00186e60       _mggc_mass_matrix@_mgg_conm2_proc_ 0058ae60 f   MGGC_MASS_MATRIX.obj
 0001:001872f0       _mggs_mass_matrix_         0058b2f0 f   MGGS_MASS_MATRIX.obj
 0001:00187be0       _mggs_mass_matrix@_deb_mggs_ 0058bbe0 f   MGGS_MASS_MATRIX.obj
 0001:00187e90       _sparse_kgg_               0058be90 f   SPARSE_KGG.obj
 0001:00189520       _sparse_kggd_              0058d520 f   SPARSE_KGGD.obj
 0001:0018a3b0       _sparse_mgg_               0058e3b0 f   SPARSE_MGG.obj
 0001:0018bb40       _sparse_pg_                0058fb40 f   SPARSE_PG.obj
 0001:0018c410       _sparse_rmg_               00590410 f   SPARSE_RMG.obj
 0001:0018cd10       _char_fld_                 00590d10 f   CHAR_FLD.obj
 0001:0018ce00       _check_bar_mois_           00590e00 f   CHECK_BAR_MOIs.obj
 0001:0018d170       _crderr_                   00591170 f   CRDERR.obj
 0001:0018d380       _get_ansid_                00591380 f   GET_ANSID.obj
 0001:0018d790       _get_setid_                00591790 f   GET_SETID.obj
 0001:0018db50       _i4fld_                    00591b50 f   I4FLD.obj
 0001:0018de00       _ip6chk_                   00591e00 f   IP6CHK.obj
 0001:0018e3f0       _left_adj_bdfld_           005923f0 f   LEFT_ADJ_BDFLD.obj
 0001:0018e610       _mkcard_                   00592610 f   MKCARD.obj
 0001:0018e830       _mkjcard_                  00592830 f   MKJCARD.obj
 0001:0018ee10       _mkjcard_08_               00592e10 f   MKJCARD_08.obj
 0001:0018f110       _nextc_                    00593110 f   NEXTC.obj
 0001:0018f660       _nextc0_                   00593660 f   NEXTC0.obj
 0001:0018fb40       _nextc2_                   00593b40 f   NEXTC2.obj
 0001:00190130       _nextc20_                  00594130 f   NEXTC20.obj
 0001:00190690       _r8fld_                    00594690 f   R8FLD.obj
 0001:00190870       _stoken_                   00594870 f   STOKEN.obj
 0001:00191120       _stoken@_deb_stoken_       00595120 f   STOKEN.obj
 0001:00191590       _tokchk_                   00595590 f   TOKCHK.obj
 0001:00191d80       _allocate_ems_arrays_      00595d80 f   ALLOCATE_EMS_ARRAYS.obj
 0001:00192850       _allocate_l1_mgg_          00596850 f   ALLOCATE_L1_MGG.obj
 0001:00194560       _allocate_stf_arrays_      00598560 f   ALLOCATE_STF_ARRAYS.obj
 0001:00195ca0       _allocate_template_        00599ca0 f   ALLOCATE_TEMPLATE.obj
 0001:00196310       _deallocate_ems_arrays_    0059a310 f   DEALLOCATE_EMS_ARRAYS.obj
 0001:001968e0       _deallocate_l1_mgg_        0059a8e0 f   DEALLOCATE_L1_MGG.obj
 0001:001974e0       _deallocate_stf_arrays_    0059b4e0 f   DEALLOCATE_STF_ARRAYS.obj
 0001:00197bf0       _deallocate_template_      0059bbf0 f   DEALLOCATE_TEMPLATE.obj
 0001:00197f20       _link0_                    0059bf20 f   LINK0.obj
 0001:0019e3e0       _link0@_eldt_proc_for_restart_ 005a23e0 f   LINK0.obj
 0001:0019e9b0       _link0@_write_elem_summary_ 005a29b0 f   LINK0.obj
 0001:0019ede0       _link1_                    005a2de0 f   LINK1.obj
 0001:001a1810       _link1@_init_counters_     005a5810 f   LINK1.obj
 0001:001a1890       _link1_restart_data_       005a5890 f   LINK1_RESTART_DATA.obj
 0001:001a8520       _print_constants_1_        005ac520 f   PRINT_CONSTANTS_1.obj
 0001:001a8700       _print_order_              005ac700 f   PRINT_ORDER.obj
 0001:001a89a0       _write_enf_to_l1o_         005ac9a0 f   WRITE_ENF_TO_L1O.obj
 0001:001a8e30       _allocate_l2_gmn_2_        005ace30 f   ALLOCATE_L2_GMN_2.obj
 0001:001a9260       _allocate_l2_goa_2_        005ad260 f   ALLOCATE_L2_GOA_2.obj
 0001:001a9690       _deallocate_l2_gmn_2_      005ad690 f   DEALLOCATE_L2_GMN_2.obj
 0001:001a9930       _deallocate_l2_goa_2_      005ad930 f   DEALLOCATE_L2_GOA_2.obj
 0001:001a9bd0       _link2_                    005adbd0 f   LINK2.obj
 0001:001ab3b0       _link2@_deallocate_link2_arrays_ 005af3b0 f   LINK2.obj
 0001:001abc30       _reduce_a_lr_              005afc30 f   REDUCE_A_LR.obj
 0001:001adae0       _reduce_f_ao_              005b1ae0 f   REDUCE_F_AO.obj
 0001:001af730       _reduce_g_nm_              005b3730 f   REDUCE_G_NM.obj
 0001:001b1eb0       _reduce_g_nm@_n_set_autospc_proc_1_ 005b5eb0 f   REDUCE_G_NM.obj
 0001:001b27b0       _reduce_g_nm@_n_set_autospc_proc_2_ 005b67b0 f   REDUCE_G_NM.obj
 0001:001b3180       _reduce_kaad_to_klld_      005b7180 f   REDUCE_KAAD_TO_KLLD.obj
 0001:001b3790       _reduce_kaa_to_kll_        005b7790 f   REDUCE_KAA_TO_KLL.obj
 0001:001b3f10       _reduce_kffd_to_kaad_      005b7f10 f   REDUCE_KFFD_TO_KAAD.obj
 0001:001b51b0       _reduce_kff_to_kaa_        005b91b0 f   REDUCE_KFF_TO_KAA.obj
 0001:001b6d60       _reduce_kggd_to_knnd_      005bad60 f   REDUCE_KGGD_TO_KNND.obj
 0001:001b9c60       _reduce_kgg_to_knn_        005bdc60 f   REDUCE_KGG_TO_KNN.obj
 0001:001bd480       _reduce_knnd_to_kffd_      005c1480 f   REDUCE_KNND_TO_KFFD.obj
 0001:001be090       _reduce_knn_to_kff_        005c2090 f   REDUCE_KNN_TO_KFF.obj
 0001:001beca0       _reduce_maa_to_mll_        005c2ca0 f   REDUCE_MAA_TO_MLL.obj
 0001:001bf420       _reduce_mff_to_maa_        005c3420 f   REDUCE_MFF_TO_MAA.obj
 0001:001c22f0       _reduce_mgg_to_mnn_        005c62f0 f   REDUCE_MGG_TO_MNN.obj
 0001:001c5b00       _reduce_mnn_to_mff_        005c9b00 f   REDUCE_MNN_TO_MFF.obj
 0001:001c62f0       _reduce_n_fs_              005ca2f0 f   REDUCE_N_FS.obj
 0001:001c8550       _reduce_pa_to_pl_          005cc550 f   REDUCE_PA_TO_PL.obj
 0001:001c8980       _reduce_pf_to_pa_          005cc980 f   REDUCE_PF_TO_PA.obj
 0001:001c9d90       _reduce_pg_to_pn_          005cdd90 f   REDUCE_PG_TO_PN.obj
 0001:001cb1a0       _reduce_pn_to_pf_          005cf1a0 f   REDUCE_PN_TO_PF.obj
 0001:001ccbf0       _solve_gmn_                005d0bf0 f   SOLVE_GMN.obj
 0001:001cdc00       _solve_gmn@_solve_gmn_solver_ 005d1c00 f   SOLVE_GMN.obj
 0001:001cedf0       _solve_goa_                005d2df0 f   SOLVE_GOA.obj
 0001:001cfc30       _solve_uo0_                005d3c30 f   SOLVE_UO0.obj
 0001:001d03a0       _stiff_mat_equil_chk_      005d43a0 f   STIFF_MAT_EQUIL_CHK.obj
 0001:001d14e0       _stiff_mat_equil_chk@_write_rb_mats_ 005d54e0 f   STIFF_MAT_EQUIL_CHK.obj
 0001:001d1d10       _epscalc_                  005d5d10 f   EPSCALC.obj
 0001:001d1ff0       _link3_                    005d5ff0 f   LINK3.obj
 0001:001d3a90       _vecinorm_                 005d7a90 f   VECINORM.obj
 0001:001d3b90       _calc_gen_mass_            005d7b90 f   CALC_GEN_MASS.obj
 0001:001d4350       _eig_giv_mgiv_             005d8350 f   EIG_GIV_MGIV.obj
 0001:001d6640       _eig_inv_pwr_              005da640 f   EIG_INV_PWR.obj
 0001:001d7870       _eig_inv_pwr@_write_iter_results_ 005db870 f   EIG_INV_PWR.obj
 0001:001d7900       _eig_lanczos_arpack_       005db900 f   EIG_LANCZOS_ARPACK.obj
 0001:001d9dc0       _eig_lanczos_arpack@_est_num_eigens_banded_ 005dddc0 f   EIG_LANCZOS_ARPACK.obj
 0001:001da3b0       _eig_lanczos_arpack@_debug_eig_lanczos_ 005de3b0 f   EIG_LANCZOS_ARPACK.obj
 0001:001da530       _eig_summary_              005de530 f   EIG_SUMMARY.obj
 0001:001db6a0       _invert_eigens_            005df6a0 f   INVERT_EIGENS.obj
 0001:001dbc50       _link4_                    005dfc50 f   LINK4.obj
 0001:001dde00       _renorm_on_mass_           005e1e00 f   RENORM_ON_MASS.obj
 0001:001de0e0       _build_a_lr_               005e20e0 f   BUILD_A_LR.obj
 0001:001de420       _build_f_ao_               005e2420 f   BUILD_F_AO.obj
 0001:001de880       _build_g_nm_               005e2880 f   BUILD_G_NM.obj
 0001:001dec10       _build_n_fs_               005e2c10 f   BUILD_N_FS.obj
 0001:001df020       _expand_phixa_to_phixg_    005e3020 f   EXPAND_PHIXA_TO_PHIXG.obj
 0001:001df9a0       _link5_                    005e39a0 f   LINK5.obj
 0001:001e2e30       _link5@_read_eignorm2_     005e6e30 f   LINK5.obj
 0001:001e3360       _renorm_                   005e7360 f   RENORM.obj
 0001:001e3750       _allocate_l6_2_            005e7750 f   ALLOCATE_L6_2.obj
 0001:001e4130       _calc_cb_mefm_mpf_         005e8130 f   CALC_CB_MEFM_MPF.obj
 0001:001e4980       _calc_krrcb_               005e8980 f   CALC_KRRcb.obj
 0001:001e5800       _calc_mrn_                 005e9800 f   CALC_MRN.obj
 0001:001e6ec0       _calc_mrrcb_               005eaec0 f   CALC_MRRcb.obj
 0001:001e92f0       _calc_phizl_               005ed2f0 f   CALC_PHIZL.obj
 0001:001ea6f0       _deallocate_l6_2_          005ee6f0 f   DEALLOCATE_L6_2.obj
 0001:001eaaf0       _interface_force_ltm_      005eeaf0 f   INTERFACE_FORCE_LTM.obj
 0001:001eb360       _link6_                    005ef360 f   LINK6.obj
 0001:001ed6f0       _merge_kxx_                005f16f0 f   MERGE_KXX.obj
 0001:001edd00       _merge_ltm_                005f1d00 f   MERGE_LTM.obj
 0001:001edf80       _merge_mxx_                005f1f80 f   MERGE_MXX.obj
 0001:001ef050       _merge_phixa_              005f3050 f   MERGE_PHIXA.obj
 0001:001ef990       _net_cg_loads_ltm_         005f3990 f   NET_CG_LOADS_LTM.obj
 0001:001f07b0       _solve_dlr_                005f47b0 f   SOLVE_DLR.obj
 0001:001f14e0       _solve_phizl1_             005f54e0 f   SOLVE_PHIZL1.obj
 0001:001f1ea0       _bar_margin_               005f5ea0 f   BAR_MARGIN.obj
 0001:001f2840       _get_max_min_abs_str_      005f6840 f   GET_MAX_MIN_ABS_STR.obj
 0001:001f2ea0       _principal_2d_             005f6ea0 f   PRINCIPAL_2D.obj
 0001:001f3020       _principal_3d_             005f7020 f   PRINCIPAL_3D.obj
 0001:001f3330       _principal_3d@_roots_3d_   005f7330 f   PRINCIPAL_3D.obj
 0001:001f3740       _rod_margin_               005f7740 f   ROD_MARGIN.obj
 0001:001f3b20       _write_bar_                005f7b20 f   WRITE_BAR.obj
 0001:001f4610       _write_bar@_get_max_min_abs_ 005f8610 f   WRITE_BAR.obj
 0001:001f4d20       _write_elem_engr_force_    005f8d20 f   WRITE_ELEM_ENGR_FORCE.obj
 0001:001f68e0       _write_elem_engr_force@_write_ans_ 005fa8e0 f   WRITE_ELEM_ENGR_FORCE.obj
 0001:001f7570       _write_elem_engr_force@_get_max_min_abs_ 005fb570 f   WRITE_ELEM_ENGR_FORCE.obj
 0001:001f7900       _write_elem_node_force_    005fb900 f   WRITE_ELEM_NODE_FORCE.obj
 0001:001f8b10       _write_elem_strains_       005fcb10 f   WRITE_ELEM_STRAINS.obj
 0001:001fd520       _write_elem_stresses_      00601520 f   WRITE_ELEM_STRESSES.obj
 0001:00202530       _write_femap_elfo_vecs_    00606530 f   WRITE_FEMAP_ELFO_VECS.obj
 0001:00205d90       _write_femap_grid_vecs_    00609d90 f   WRITE_FEMAP_GRID_VECS.obj
 0001:00208330       _write_femap_stre_vecs_    0060c330 f   WRITE_FEMAP_STRE_VECS.obj
 0001:0020ded0       _write_femap_strn_vecs_    00611ed0 f   WRITE_FEMAP_STRN_VECS.obj
 0001:00210fb0       _write_grd_prt_outputs_    00614fb0 f   WRITE_GRD_PRT_OUTPUTS.obj
 0001:00212870       _write_grd_pch_outputs_    00616870 f   WRITE_GRD_PCH_OUTPUTS.obj
 0001:00213430       _write_meffmass_           00617430 f   WRITE_MEFFMASS.obj
 0001:00213fc0       _write_mpfactor_           00617fc0 f   WRITE_MPFACTOR.obj
 0001:00214a10       _write_ply_strains_        00618a10 f   WRITE_PLY_STRAINS.obj
 0001:00215f30       _write_ply_stresses_       00619f30 f   WRITE_PLY_STRESSES.obj
 0001:002174a0       _wrt_real_to_char_var_     0061b4a0 f   WRT_REAL_TO_CHAR_VAR.obj
 0001:00217650       _write_rod_                0061b650 f   WRITE_ROD.obj
 0001:002188d0       _write_rod@_get_max_min_abs_ 0061c8d0 f   WRITE_ROD.obj
 0001:00218c80       _calc_elem_node_forces_    0061cc80 f   CALC_ELEM_NODE_FORCES.obj
 0001:002192d0       _calc_elem_strains_        0061d2d0 f   CALC_ELEM_STRAINS.obj
 0001:002194f0       _calc_elem_stresses_       0061d4f0 f   CALC_ELEM_STRESSES.obj
 0001:00219760       _elem_stre_strn_arrays_    0061d760 f   ELEM_STRE_STRN_ARRAYS.obj
 0001:0021c3f0       _elmdis_                   006203f0 f   ELMDIS.obj
 0001:0021d760       _elmdis@_debug_elmdis_     00621760 f   ELMDIS.obj
 0001:0021db50       _elmdis_ply_               00621b50 f   ELMDIS_PLY.obj
 0001:0021de90       _get_comp_shell_allows_    00621e90 f   GET_COMP_SHELL_ALLOWS.obj
 0001:0021e020       _gp_force_balance_proc_    00622020 f   GP_FORCE_BALANCE_PROC.obj
 0001:0021ff00       _indep_failure_index_      00623f00 f   INDEP_FAILURE_INDEX.obj
 0001:002207d0       _ofp1_                     006247d0 f   OFP1.obj
 0001:00222860       _ofp2_                     00626860 f   OFP2.obj
 0001:00226100       _ofp3_                     0062a100 f   OFP3.obj
 0001:002263f0       _ofp3_elfe_1d_             0062a3f0 f   OFP3_ELFE_1D.obj
 0001:002295e0       _ofp3_elfe_2d_             0062d5e0 f   OFP3_ELFE_2D.obj
 0001:0022b5d0       _ofp3_elfn_                0062f5d0 f   OFP3_ELFN.obj
 0001:0022c590       _ofp3_stre_no_pcomp_       00630590 f   OFP3_STRE_NO_PCOMP.obj
 0001:00230b00       _ofp3_stre_no_pcomp@_get_stress_item_data_ 00634b00 f   OFP3_STRE_NO_PCOMP.obj
 0001:00232330       _ofp3_stre_pcomp_          00636330 f   OFP3_STRE_PCOMP.obj
 0001:00234410       _ofp3_stre_pcomp@_get_stress_item_data_ 00638410 f   OFP3_STRE_PCOMP.obj
 0001:00234ae0       _ofp3_strn_no_pcomp_       00638ae0 f   OFP3_STRN_NO_PCOMP.obj
 0001:00238030       _ofp3_strn_no_pcomp@_get_strain_item_data_ 0063c030 f   OFP3_STRN_NO_PCOMP.obj
 0001:00239020       _ofp3_strn_pcomp_          0063d020 f   OFP3_STRN_PCOMP.obj
 0001:0023ae60       _ofp3_strn_pcomp@_get_strain_item_data_ 0063ee60 f   OFP3_STRN_PCOMP.obj
 0001:0023b560       _one_d_strain_outputs_     0063f560 f   ONE_D_STRAIN_OUTPUTS.obj
 0001:0023b940       _one_d_stress_outputs_     0063f940 f   ONE_D_STRESS_OUTPUTS.obj
 0001:0023d150       _poly_failure_index_       00641150 f   POLY_FAILURE_INDEX.obj
 0001:0023dab0       _polynom_fit_stre_strn_    00641ab0 f   POLYNOM_FIT_STRE_STRN.obj
 0001:0023ea20       _shell_engr_force_ogel_    00642a20 f   SHELL_ENGR_FORCE_OGEL.obj
 0001:0023ebc0       _shell_strain_outputs_     00642bc0 f   SHELL_STRAIN_OUTPUTS.obj
 0001:0023ffb0       _shell_stress_outputs_     00643fb0 f   SHELL_STRESS_OUTPUTS.obj
 0001:00241460       _solid_strain_outputs_     00645460 f   SOLID_STRAIN_OUTPUTS.obj
 0001:00241a40       _solid_stress_outputs_     00645a40 f   SOLID_STRESS_OUTPUTS.obj
 0001:00242020       _str_tensor_transform_     00646020 f   STR_TENSOR_TRANSFORM.obj
 0001:002423c0       _suser1_                   006463c0 f   SUSER1.obj
 0001:00242470       _transform_node_forces_    00646470 f   TRANSFORM_NODE_FORCES.obj
 0001:00243280       _allocate_femap_data_      00647280 f   ALLOCATE_FEMAP_DATA.obj
 0001:00243a30       _allocate_link9_stuf_      00647a30 f   ALLOCATE_LINK9_STUF.obj
 0001:00245200       _deallocate_femap_data_    00649200 f   DEALLOCATE_FEMAP_DATA.obj
 0001:00245510       _deallocate_link9_stuf_    00649510 f   DEALLOCATE_LINK9_STUF.obj
 0001:00245e70       _link9_                    00649e70 f   LINK9.obj
 0001:0024d8c0       _link9@_concatenate_titles_ 006518c0 f   LINK9.obj
 0001:0024dc90       _link9@_write_otm_to_f06_  00651c90 f   LINK9.obj
 0001:0024e5b0       _link9@_get_fg_inertia_forces_ 006525b0 f   LINK9.obj
 0001:0024f280       _link9s_                   00653280 f   LINK9S.obj
 0001:00256c70       _maxreq_ogel_              0065ac70 f   MAXREQ_OGEL.obj
 0001:00257a40       _maxreq_ogel@_get_num_rows_output_ 0065ba40 f   MAXREQ_OGEL.obj
 0001:00257d30       _maxreq_ogel@_maxreq_ogel_deb_ 0065bd30 f   MAXREQ_OGEL.obj
 0001:002581a0       _ourdat_                   0065c1a0 f   OURDAT.obj
 0001:002581e0       _ourtim_                   0065c1e0 f   OURTIM.obj
 0001:002582e0       _outa_here_                0065c2e0 f   OUTA_HERE.obj
 0001:00258650       _allocated_memory_         0065c650 f   ALLOCATED_MEMORY.obj
 0001:00258a90       _allocate_cb_elm_otm_      0065ca90 f   ALLOCATE_CB_ELM_OTM.obj
 0001:0025b530       _allocate_cb_grd_otm_      0065f530 f   ALLOCATE_CB_GRD_OTM.obj
 0001:0025d9a0       _allocate_col_vec_         006619a0 f   ALLOCATE_COL_VEC.obj
 0001:00262c80       _allocate_dof_tables_      00666c80 f   ALLOCATE_DOF_TABLES.obj
 0001:00263d80       _allocate_eigen1_mat_      00667d80 f   ALLOCATE_EIGEN1_MAT.obj
 0001:00265590       _allocate_full_mat_        00669590 f   ALLOCATE_FULL_MAT.obj
 0001:0026c8e0       _allocate_in4_files_       006708e0 f   ALLOCATE_IN4_FILES.obj
 0001:0026d660       _allocate_lapack_mat_      00671660 f   ALLOCATE_LAPACK_MAT.obj
 0001:0026fcb0       _allocate_misc_mat_        00673cb0 f   ALLOCATE_MISC_MAT.obj
 0001:00270340       _allocate_model_stuf_      00674340 f   ALLOCATE_MODEL_STUF.obj
 0001:0028cfc0       _allocate_nl_params_       00690fc0 f   ALLOCATE_NL_PARAMS.obj
 0001:0028d3f0       _allocate_rbglobal_        006913f0 f   ALLOCATE_RBGLOBAL.obj
 0001:0028e960       _allocate_scr_ccs_mat_     00692960 f   ALLOCATE_SCR_CCS_MAT.obj
 0001:0028fc30       _allocate_scr_crs_mat_     00693c30 f   ALLOCATE_SCR_CRS_MAT.obj
 0001:00290f00       _allocate_sparse_alg_      00694f00 f   ALLOCATE_SPARSE_ALG.obj
 0001:00291d00       _allocate_sparse_mat_      00695d00 f   ALLOCATE_SPARSE_MAT.obj
 0001:002bf560       _array_size_error_1_       006c3560 f   ARRAY_SIZE_ERROR_1.obj
 0001:002bf670       _autospc_summary_msgs_     006c3670 f   AUTOSPC_SUMMARY_MSGS.obj
 0001:002bf7b0       _bandgen_lapack_dgb_       006c37b0 f   BANDGEN_LAPACK_DGB.obj
 0001:002bfd40       _bandgen_lapack_dpb_       006c3d40 f   BANDGEN_LAPACK_DPB.obj
 0001:002c0120       _bandsiz_                  006c4120 f   BANDSIZ.obj
 0001:002c02a0       _calc_tdof_row_start_      006c42a0 f   CALC_TDOF_ROW_START.obj
 0001:002c04d0       _calc_vec_sort_order_      006c44d0 f   CALC_VEC_SORT_ORDER.obj
 0001:002c06f0       _card_flds_not_blank_      006c46f0 f   CARD_FLDS_NOT_BLANK.obj
 0001:002c0f30       _check_mat_inverse_        006c4f30 f   CHECK_MAT_INVERSE.obj
 0001:002c18b0       _chk_array_alloc_stat_     006c58b0 f   CHK_ARRAY_ALLOC_STAT.obj
 0001:002dbd10       _close_lijfiles_           006dfd10 f   CLOSE_LIJFILES.obj
 0001:002dd8d0       _close_lijfiles@_close_this_file_ 006e18d0 f   CLOSE_LIJFILES.obj
 0001:002dda10       _close_outfiles_           006e1a10 f   CLOSE_OUTFILES.obj
 0001:002ddbf0       _cnt_nonz_in_full_mat_     006e1bf0 f   CNT_NONZ_IN_FULL_MAT.obj
 0001:002ddf30       _cond_num_                 006e1f30 f   COND_NUM.obj
 0001:002de150       _convert_int_to_char_      006e2150 f   CONVERT_INT_TO_CHAR.obj
 0001:002de270       _convert_vec_coord_sys_    006e2270 f   CONVERT_VEC_COORD_SYS.obj
 0001:002deb90       _cross_                    006e2b90 f   CROSS.obj
 0001:002dec40       _crs_nonsym_to_crs_sym_    006e2c40 f   CRS_NONSYM_TO_CRS_SYM.obj
 0001:002deeb0       _crs_sym_to_crs_nonsym_    006e2eb0 f   CRS_SYM_TO_CRS_NONSYM.obj
 0001:002df4a0       _data_set_name_error_      006e34a0 f   DATA_SET_NAME_ERROR.obj
 0001:002df6a0       _data_set_size_error_      006e36a0 f   DATA_SET_SIZE_ERROR.obj
 0001:002df8b0       _deallocate_cb_elm_otm_    006e38b0 f   DEALLOCATE_CB_ELM_OTM.obj
 0001:002dfc20       _deallocate_cb_grd_otm_    006e3c20 f   DEALLOCATE_CB_GRD_OTM.obj
 0001:002e0010       _deallocate_col_vec_       006e4010 f   DEALLOCATE_COL_VEC.obj
 0001:002e15d0       _deallocate_dof_tables_    006e55d0 f   DEALLOCATE_DOF_TABLES.obj
 0001:002e19c0       _deallocate_eigen1_mat_    006e59c0 f   DEALLOCATE_EIGEN1_MAT.obj
 0001:002e1f30       _deallocate_full_mat_      006e5f30 f   DEALLOCATE_FULL_MAT.obj
 0001:002e3390       _deallocate_in4_files_     006e7390 f   DEALLOCATE_IN4_FILES.obj
 0001:002e3700       _deallocate_lapack_mat_    006e7700 f   DEALLOCATE_LAPACK_MAT.obj
 0001:002e3e70       _deallocate_misc_mat_      006e7e70 f   DEALLOCATE_MISC_MAT.obj
 0001:002e40d0       _deallocate_model_stuf_    006e80d0 f   DEALLOCATE_MODEL_STUF.obj
 0001:002f0aa0       _deallocate_nl_params_     006f4aa0 f   DEALLOCATE_NL_PARAMS.obj
 0001:002f0da0       _deallocate_rbglobal_      006f4da0 f   DEALLOCATE_RBGLOBAL.obj
 0001:002f1650       _deallocate_scr_mat_       006f5650 f   DEALLOCATE_SCR_MAT.obj
 0001:002f2a50       _deallocate_sparse_alg_    006f6a50 f   DEALLOCATE_SPARSE_ALG.obj
 0001:002f2ec0       _deallocate_sparse_mat_    006f6ec0 f   DEALLOCATE_SPARSE_MAT.obj
 0001:00307f20       _fbs_lapack_               0070bf20 f   FBS_LAPACK.obj
 0001:003081a0       _fbs_suprlu_               0070c1a0 f   FBS_SUPRLU.obj
 0001:00308200       _file_close_               0070c200 f   FILE_CLOSE.obj
 0001:003084a0       _file_inquire_             0070c4a0 f   FILE_INQUIRE.obj
 0001:003096b0       _file_open_                0070d6b0 f   FILE_OPEN.obj
 0001:0030a5a0       _filerr_                   0070e5a0 f   FILERR.obj
 0001:0030a6c0       _full_to_sparse_crs_       0070e6c0 f   FULL_TO_SPARSE_CRS.obj
 0001:0030aae0       _gen_t0l_                  0070eae0 f   GEN_T0L.obj
 0001:0030b300       _get_array_row_num_        0070f300 f   GET_ARRAY_ROW_NUM.obj
 0001:0030b510       _get_char_string_end_      0070f510 f   GET_CHAR_STRING_END.obj
 0001:0030b5f0       _get_formatted_integer_    0070f5f0 f   GET_FORMATTED_INTEGER.obj
 0001:0030b8b0       _get_grid_and_comp_        0070f8b0 f   GET_GRID_AND_COMP.obj
 0001:0030bb40       _get_grid_num_comps_       0070fb40 f   GET_GRID_NUM_COMPS.obj
 0001:0030bda0       _get_i_mat_from_i2_mat_    0070fda0 f   GET_I_MAT_FROM_I2_MAT.obj
 0001:0030c050       _get_i2_mat_from_i_mat_    00710050 f   GET_I2_MAT_FROM_I_MAT.obj
 0001:0030c1c0       _get_machine_params_       007101c0 f   GET_MACHINE_PARAMS.obj
 0001:0030c540       _get_matrix_diag_stats_    00710540 f   GET_MATRIX_DIAG_STATS.obj
 0001:0030e210       _get_ou4_mat_stats_        00712210 f   GET_OU4_MAT_STATS.obj
 0001:0030ecb0       _get_sparse_crs_col_       00712cb0 f   GET_SPARSE_CRS_COL.obj
 0001:0030efa0       _get_sparse_crs_row_       00712fa0 f   GET_SPARSE_CRS_ROW.obj
 0001:0030f230       _get_sparse_mat_term_      00713230 f   GET_SPARSE_MAT_TERM.obj
 0001:0030f4a0       _get_ug_123_in_grd_ord_    007134a0 f   GET_UG_123_IN_GRD_ORD.obj
 0001:0030fa50       _get_vec_min_max_abs_      00713a50 f   GET_VEC_MIN_MAX_ABS.obj
 0001:0030fc50       _invert_ff_mat_            00713c50 f   INVERT_FF_MAT.obj
 0001:0030ff20       _matadd_fff_               00713f20 f   MATADD_FFF.obj
 0001:00310370       _matadd_sss_               00714370 f   MATADD_SSS.obj
 0001:003110f0       _matadd_sss@_matadd_sss_deb_ 007150f0 f   MATADD_SSS.obj
 0001:003115e0       _matadd_sss_nterm_         007155e0 f   MATADD_SSS_NTERM.obj
 0001:00311e10       _matadd_sss_nterm@_matadd_sss_nterm_deb_ 00715e10 f   MATADD_SSS_NTERM.obj
 0001:00312090       _matmult_fff_              00716090 f   MATMULT_FFF.obj
 0001:00312370       _matmult_fff_t_            00716370 f   MATMULT_FFF_T.obj
 0001:00312650       _matmult_sff_              00716650 f   MATMULT_SFF.obj
 0001:00313250       _matmult_sff@_matmult_sff_deb_ 00717250 f   MATMULT_SFF.obj
 0001:00313860       _matmult_sfs_              00717860 f   MATMULT_SFS.obj
 0001:00314220       _matmult_sfs@_matmult_sfs_deb_ 00718220 f   MATMULT_SFS.obj
 0001:00314870       _matmult_sfs_nterm_        00718870 f   MATMULT_SFS_NTERM.obj
 0001:00315170       _matmult_sfs_nterm@_matmult_sfs_nterm_deb_ 00719170 f   MATMULT_SFS_NTERM.obj
 0001:00315590       _matmult_sss_              00719590 f   MATMULT_SSS.obj
 0001:00315ff0       _matmult_sss@_matmult_sss_deb_ 00719ff0 f   MATMULT_SSS.obj
 0001:00316640       _matmult_sss_nterm_        0071a640 f   MATMULT_SSS_NTERM.obj
 0001:00317030       _matmult_sss_nterm@_matmult_sss_nterm_deb_ 0071b030 f   MATMULT_SSS_NTERM.obj
 0001:00317450       _mattrnsp_ss_              0071b450 f   MATTRNSP_SS.obj
 0001:003177c0       _mattrnsp_ss@_mattrnsp_ss_deb_ 0071b7c0 f   MATTRNSP_SS.obj
 0001:00317ad0       _merge_col_vecs_           0071bad0 f   MERGE_COL_VECS.obj
 0001:00317e90       _merge_mat_cols_sss_       0071be90 f   MERGE_MAT_COLS_SSS.obj
 0001:00318830       _merge_mat_cols_sss@_merge_mat_cols_sss_deb_ 0071c830 f   MERGE_MAT_COLS_SSS.obj
 0001:00318ac0       _merge_mat_rows_sss_       0071cac0 f   MERGE_MAT_ROWS_SSS.obj
 0001:00318ee0       _open_outfiles_            0071cee0 f   OPEN_OUTFILES.obj
 0001:003190c0       _open_outfiles@_openit_    0071d0c0 f   OPEN_OUTFILES.obj
 0001:00319370       _opnerr_                   0071d370 f   OPNERR.obj
 0001:00319710       _output4_matrix_msgs_      0071d710 f   OUTPUT4_MATRIX_MSGS.obj
 0001:00319eb0       _output4_proc_             0071deb0 f   OUTPUT4_PROC.obj
 0001:003231a0       _param_cords_act_cords_    007271a0 f   PARAM_CORDS_ACT_CORDS.obj
 0001:00323290       _param_cords_act_cords@_get_quad4_coords_ 00727290 f   PARAM_CORDS_ACT_CORDS.obj
 0001:003239a0       _parse_char_string_        007279a0 f   PARSE_CHAR_STRING.obj
 0001:00323ed0       _parse_char_string@_parse_char_string_msg_ 00727ed0 f   PARSE_CHAR_STRING.obj
 0001:00323fb0       _parse_char_string@_debug_parse_chr_strng_ 00727fb0 f   PARSE_CHAR_STRING.obj
 0001:00324150       _partition_ff_             00728150 f   PARTITION_FF.obj
 0001:00324590       _partition_ss_             00728590 f   PARTITION_SS.obj
 0001:003256f0       _partition_ss@_partition_ss_deb_ 007296f0 f   PARTITION_SS.obj
 0001:00325be0       _partition_ss_nterm_       00729be0 f   PARTITION_SS_NTERM.obj
 0001:00326c10       _partition_ss_nterm@_partition_ss_nterm_deb_ 0072ac10 f   PARTITION_SS_NTERM.obj
 0001:00327080       _partition_vec_            0072b080 f   PARTITION_VEC.obj
 0001:00327300       _plane_coord_trans_21_     0072b300 f   PLANE_COORD_TRANS_21.obj
 0001:003273e0       _proj_vec_onto_plane_      0072b3e0 f   PROJ_VEC_ONTO_PLANE.obj
 0001:00327490       _prt_mats_on_restart_      0072b490 f   PRT_MATS_ON_RESTART.obj
 0001:0032a890       _read_chk_                 0072e890 f   READ_CHK.obj
 0001:0032a910       _read_dof_tables_          0072e910 f   READ_DOF_TABLES.obj
 0001:0032b230       _read_in4_full_mat_        0072f230 f   READ_IN4_FULL_MAT.obj
 0001:0032ba50       _read_in4_full_mat@_in4_read_err_ 0072fa50 f   READ_IN4_FULL_MAT.obj
 0001:0032bda0       _read_l1a_                 0072fda0 f   READ_L1A.obj
 0001:0032d730       _read_l1m_                 00731730 f   READ_L1M.obj
 0001:0032e3b0       _read_l1z_                 007323b0 f   READ_L1Z.obj
 0001:0032e920       _read_matrix_1_            00732920 f   READ_MATRIX_1.obj
 0001:0032f290       _read_matrix_1@_check_sparse_crs_i_ 00733290 f   READ_MATRIX_1.obj
 0001:0032f580       _read_matrix_2_            00733580 f   READ_MATRIX_2.obj
 0001:0032fcd0       _read_xtime_               00733cd0 f   READ_XTIME.obj
 0001:0032fdf0       _readerr_                  00733df0 f   READERR.obj
 0001:00330340       _real_data_to_c8fld_       00734340 f   REAL_DATA_TO_C8FLD.obj
 0001:00330580       _restart_data_for_l3_      00734580 f   RESTART_DATA_FOR_L3.obj
 0001:003308b0       _rigid_body_disp_mat_      007348b0 f   RIGID_BODY_DISP_MAT.obj
 0001:00330a90       _row_at_colj_begend_       00734a90 f   ROW_AT_COLJ_BEGEND.obj
 0001:00330ce0       _set_file_close_stat_      00734ce0 f   SET_FILE_CLOSE_STAT.obj
 0001:003313c0       _set_sparse_mat_sym_       007353c0 f   SET_SPARSE_MAT_SYM.obj
 0001:00331b40       _sort_grid_rgrid_          00735b40 f   SORT_GRID_RGRID.obj
 0001:003320b0       _sort_int1_                007360b0 f   SORT_INT1.obj
 0001:00332480       _sort_int1_real1_          00736480 f   SORT_INT1_REAL1.obj
 0001:00332910       _sort_int1_real3_          00736910 f   SORT_INT1_REAL3.obj
 0001:00332e20       _sort_int2_                00736e20 f   SORT_INT2.obj
 0001:00333230       _sort_int2_real1_          00737230 f   SORT_INT2_REAL1.obj
 0001:00333720       _sort_int3_                00737720 f   SORT_INT3.obj
 0001:00333b90       _sort_int3_char2_          00737b90 f   SORT_INT3_CHAR2.obj
 0001:00334220       _sort_real1_int1_          00738220 f   SORT_REAL1_INT1.obj
 0001:00334620       _sort_tdof_                00738620 f   SORT_TDOF.obj
 0001:00334a50       _sortlen_                  00738a50 f   SORTLEN.obj
 0001:00334cb0       _sparse_crs_sparse_ccs_    00738cb0 f   SPARSE_CRS_SPARSE_CCS.obj
 0001:00335040       _sparse_crs_sparse_ccs@_crs_ccs_deb_ 00739040 f   SPARSE_CRS_SPARSE_CCS.obj
 0001:00335310       _sparse_crs_term_count_    00739310 f   SPARSE_CRS_TERM_COUNT.obj
 0001:00335410       _sparse_crs_to_full_       00739410 f   SPARSE_CRS_TO_FULL.obj
 0001:003357c0       _sparse_mat_diag_zeros_    007397c0 f   SPARSE_MAT_DIAG_ZEROS.obj
 0001:00335a60       _stmerr_                   00739a60 f   STMERR.obj
 0001:00335c70       _surface_fit_              00739c70 f   SURFACE_FIT.obj
 0001:003367b0       _surface_fit@_deb_surface_fit_ 0073a7b0 f   SURFACE_FIT.obj
 0001:003370c0       _sym_mat_decomp_lapack_    0073b0c0 f   SYM_MAT_DECOMP_LAPACK.obj
 0001:003397c0       _sym_mat_decomp_suprlu_    0073d7c0 f   SYM_MAT_DECOMP_SUPRLU.obj
 0001:00339840       _time_init_                0073d840 f   TIME_INIT.obj
 0001:00339870       _vector_norm_              0073d870 f   VECTOR_NORM.obj
 0001:00339a70       _write_alloc_mem_table_    0073da70 f   WRITE_ALLOC_MEM_TABLE.obj
 0001:00339c00       _write_dof_tables_         0073dc00 f   WRITE_DOF_TABLES.obj
 0001:00339f20       _write_edat_               0073df20 f   WRITE_EDAT.obj
 0001:0033e340       _write_elm_ot4_            00742340 f   WRITE_ELM_OT4.obj
 0001:0033e610       _write_eofil_              00742610 f   WRITE_EOFIL.obj
 0001:0033f5a0       _write_filnam_             007435a0 f   WRITE_FILNAM.obj
 0001:0033f840       _write_grd_ot4_            00743840 f   WRITE_GRD_OT4.obj
 0001:0033f9b0       _write_grid_coords_        007439b0 f   WRITE_GRID_COORDS.obj
 0001:0033fac0       _write_integer_vec_        00743ac0 f   WRITE_INTEGER_VEC.obj
 0001:0033fd30       _write_l1a_                00743d30 f   WRITE_L1A.obj
 0001:00342e40       _write_l1m_                00746e40 f   WRITE_L1M.obj
 0001:00343440       _write_l1z_                00747440 f   WRITE_L1Z.obj
 0001:003436d0       _write_matrix_1_           007476d0 f   WRITE_MATRIX_1.obj
 0001:00343ad0       _write_matrix_by_cols_     00747ad0 f   WRITE_MATRIX_BY_COLS.obj
 0001:00343ea0       _write_matrix_by_rows_     00747ea0 f   WRITE_MATRIX_BY_ROWS.obj
 0001:00344300       _write_mem_sum_to_f04_     00748300 f   WRITE_MEM_SUM_TO_F04.obj
[...]
 0001:0035f420       _jwe_iiif                  00763420 f   fj90i:jwe_iedi.obj
 0001:0035f4f0       _jwe_iiec                  007634f0 f   fj90i:jwe_iedi.obj
 0001:0035f540       _jwe_iieo                  00763540 f   fj90i:jwe_iedi.obj
 0001:0035f5e0       _jwe_iiri                  007635e0 f   fj90i:jwe_iedi.obj
 0001:0035f6e0       _jwe_iini                  007636e0 f   fj90i:jwe_iedi.obj
 0001:0035f840       _jwe_iiie                  00763840 f   fj90i:jwe_iedi.obj
 0001:0035ff50       _jwe_iile                  00763f50 f   fj90i:jwe_iedi.obj
 0001:00360260       _jwe_iize                  00764260 f   fj90i:jwe_iedi.obj
 0001:00360680       _jwe_iizs                  00764680 f   fj90i:jwe_iedi.obj
 0001:00360a10       _jwe_iiae                  00764a10 f   fj90i:jwe_iedi.obj
 0001:00360ab0       _jwe_iiaw                  00764ab0 f   fj90i:jwe_iedi.obj
 0001:00360c10       _jwe_iire                  00764c10 f   fj90i:jwe_iedi.obj
 0001:00360d90       _jwe_iibe                  00764d90 f   fj90i:jwe_iedi.obj
 0001:00361120       _jwe_iibs                  00765120 f   fj90i:jwe_iedi.obj
 0001:00361400       _jwe_iioe                  00765400 f   fj90i:jwe_iedi.obj
 0001:00361770       _jwe_iios                  00765770 f   fj90i:jwe_iedi.obj
 0001:00361a80       _jwe_iige                  00765a80 f   fj90i:jwe_iedi.obj
 0001:00361aa0       _jwe_iine                  00765aa0 f   fj90i:jwe_iedi.obj
 0001:00361ab0       _jwe_iief                  00765ab0 f   fj90i:jwe_iedi.obj
 0001:00361ea0       _jwe_iiqe                  00765ea0 f   fj90i:jwe_iedi.obj
 0001:0035b8b0       _jwe_iofe                  0075f8b0 f   fj90i:jwe_iedo.obj
 0001:0035bb20       _jwe_ioed                  0075fb20 f   fj90i:jwe_iedo.obj
 0001:0035c4a0       _jwe_ior0                  007604a0 f   fj90i:jwe_iedo.obj
 0001:0035c630       _jwe_ioni                  00760630 f   fj90i:jwe_iedo.obj
 0001:0035c6f0       _jwe_ioic                  007606f0 f   fj90i:jwe_iedo.obj
 0001:0035c910       _jwe_ioge                  00760910 f   fj90i:jwe_iedo.obj
 0001:0035c950       _jwe_iocl                  00760950 f   fj90i:jwe_iedo.obj
 0001:0035c980       _jwe_ioie                  00760980 f   fj90i:jwe_iedo.obj
 0001:0035cc40       _jwe_ioig                  00760c40 f   fj90i:jwe_iedo.obj
 0001:0035cee0       _jwe_iole                  00760ee0 f   fj90i:jwe_iedo.obj
 0001:0035cfc0       _jwe_ioaw                  00760fc0 f   fj90i:jwe_iedo.obj
 0001:0035d050       _jwe_ioae                  00761050 f   fj90i:jwe_iedo.obj
 0001:0035d080       _jwe_iozs                  00761080 f   fj90i:jwe_iedo.obj
 0001:0035d2d0       _jwe_ioze                  007612d0 f   fj90i:jwe_iedo.obj
 0001:0035d4d0       _jwe_ioen                  007614d0 f   fj90i:jwe_iedo.obj
 0001:0035d980       _jwe_ioes                  00761980 f   fj90i:jwe_iedo.obj
 0001:0035dd20       _jwe_iore                  00761d20 f   fj90i:jwe_iedo.obj
 0001:0035ddb0       _jwe_iobs                  00761db0 f   fj90i:jwe_iedo.obj
 0001:0035e0a0       _jwe_iobe                  007620a0 f   fj90i:jwe_iedo.obj
 0001:0035e350       _jwe_ioos                  00762350 f   fj90i:jwe_iedo.obj
 0001:0035e700       _jwe_iooe                  00762700 f   fj90i:jwe_iedo.obj
 0001:0035e910       _jwe_ione                  00762910 f   fj90i:jwe_iedo.obj
 0001:0035b540       _jwe_imch                  0075f540 f   fj90i:jwe_ifmt.obj
 0001:0035b690       _jwe_imgp                  0075f690 f   fj90i:jwe_ifmt.obj
 0001:0035b6f0       _jwe_impp                  0075f6f0 f   fj90i:jwe_ifmt.obj
 0001:0035b780       _jwe_ifme                  0075f780 f   fj90i:jwe_ifmt.obj
 0001:00358140       _jwe_isip                  0075c140 f   fj90i:jwe_ifct.obj
 0001:00359f00       _jwe_ifrp                  0075df00 f   fj90i:jwe_ifct.obj
 0001:00359f40       _jwe_ifer                  0075df40 f   fj90i:jwe_ifct.obj
 0001:0035a030       _jwe_ifcg                  0075e030 f   fj90i:jwe_ifct.obj
 0001:0035a110       _jwe_iftc                  0075e110 f   fj90i:jwe_ifct.obj
 0001:003577c0       _jwe_errproc               0075b7c0 f   fj90i:jwe_iflc.obj
 0001:00356760       _err_end                   0075a760 f   fj90i:jwe_xadt.obj
 0001:00356310       _jwe_error_call            0075a310 f   fj90i:jwe_xdal.obj
 0001:00355f00       _jwe_iifg                  00759f00 f   fj90i:jwe_iinf.obj
 0001:00355fc0       _jwe_iifp                  00759fc0 f   fj90i:jwe_iinf.obj
 0001:00353f90       _jwe_iiqc                  00757f90 f   fj90i:jwe_iinq.obj
 0001:00354650       _jwe_iiqn                  00758650 f   fj90i:jwe_iinq.obj
 0001:00354750       _jwe_iiqt                  00758750 f   fj90i:jwe_iinq.obj
 0001:003549b0       _jwe_iiqi                  007589b0 f   fj90i:jwe_iinq.obj
 0001:00354a20       _jwe_wiqt                  00758a20 f   fj90i:jwe_iinq.obj
 0001:00354a80       _jwe_wiqf                  00758a80 f   fj90i:jwe_iinq.obj
 0001:00355330       _jwe_ifls                  00759330 f   fj90i:jwe_iinq.obj
 0001:00355410       _jwe_ifse                  00759410 f   fj90i:jwe_iinq.obj
 0001:00355450       _jwe_ifst                  00759450 f   fj90i:jwe_iinq.obj
 0001:003524a0       _jwe_error_call            007564a0 f   fj90i:jwe_xalc.obj
 0001:00351270       _jwe_xsch                  00755270 f   fj90i:jwe_xopt.obj
 0001:00350940       _jwe_ipse                  00754940 f   fj90i:jwe_ipsf.obj
 0001:00350640       _jwe_iser                  00754640 f   fj90i:jwe_isfm.obj
 0001:0034dad0       _jwe_iop0                  00751ad0 f   fj90i:jwe_iocf.obj
 0001:0034dfa0       _jwe_iocl                  00751fa0 f   fj90i:jwe_iocf.obj
 0001:0034e1c0       _jwe_iop1                  007521c0 f   fj90i:jwe_iocf.obj
 0001:0034ec90       _jwe_iop2                  00752c90 f   fj90i:jwe_iocf.obj
 0001:0034ee60       _jwe_iop3                  00752e60 f   fj90i:jwe_iocf.obj
 0001:0034eed0       _jwe_iop5                  00752ed0 f   fj90i:jwe_iocf.obj
 0001:0034ef80       _jwe_iop4                  00752f80 f   fj90i:jwe_iocf.obj
 0001:0034f040       _jwe_iop6                  00753040 f   fj90i:jwe_iocf.obj
 0001:0034f0c0       _jwe_iop7                  007530c0 f   fj90i:jwe_iocf.obj
 0001:0034f2c0       _jwe_iopc                  007532c0 f   fj90i:jwe_iocf.obj
 0001:0034f390       _jwe_iopw                  00753390 f   fj90i:jwe_iocf.obj
 0001:0034f610       _jwe_iope                  00753610 f   fj90i:jwe_iocf.obj
 0001:0034f830       _jwe_iops                  00753830 f   fj90i:jwe_iocf.obj
 0001:0034f8e0       _jwe_iop8                  007538e0 f   fj90i:jwe_iocf.obj
 0001:003a35be       _xtoa                      007a75be f   libc:xtoa.obj
 0001:003a3690       _x64toa@20                 007a7690 f   libc:xtoa.obj
 0001:003a33cd       __stripquote               007a73cd f   libc:tempnam.obj
 0001:003a2a61       _output                    007a6a61 f   libc:cprintf.obj
 0001:003a318e       _write_char                007a718e f   libc:cprintf.obj
 0001:003a31a8       _write_multi_char          007a71a8 f   libc:cprintf.obj
 0001:003a31d4       _write_string              007a71d4 f   libc:cprintf.obj
 0001:003a3207       _get_int_arg               007a7207 f   libc:cprintf.obj
 0001:003a3214       _get_int64_arg             007a7214 f   libc:cprintf.obj
 0001:003a3224       _get_short_arg             007a7224 f   libc:cprintf.obj
 0001:003a1789       __get_fname                007a5789 f   libc:fpexcept.obj
 0001:0039ee84       label0                     007a2e84 f   libc:adj_fdiv.obj
 0001:0039ee8a       label1                     007a2e8a f   libc:adj_fdiv.obj
 0001:0039ee8f       label2                     007a2e8f f   libc:adj_fdiv.obj
 0001:0039ee95       label3                     007a2e95 f   libc:adj_fdiv.obj
 0001:0039ee9a       label4                     007a2e9a f   libc:adj_fdiv.obj
 0001:0039eea0       label5                     007a2ea0 f   libc:adj_fdiv.obj
 0001:0039eea6       label6                     007a2ea6 f   libc:adj_fdiv.obj
 0001:0039eeac       label7                     007a2eac f   libc:adj_fdiv.obj
 0001:0039eeb2       label8                     007a2eb2 f   libc:adj_fdiv.obj
 0001:0039eece       label9                     007a2ece f   libc:adj_fdiv.obj
 0001:0039eed3       label10                    007a2ed3 f   libc:adj_fdiv.obj
 0001:0039eee9       label11                    007a2ee9 f   libc:adj_fdiv.obj
 0001:0039eeee       label12                    007a2eee f   libc:adj_fdiv.obj
 0001:0039ef0a       label13                    007a2f0a f   libc:adj_fdiv.obj
 0001:0039ef1a       label14                    007a2f1a f   libc:adj_fdiv.obj
 0001:0039ef2e       label15                    007a2f2e f   libc:adj_fdiv.obj
 0001:0039ef3e       label16                    007a2f3e f   libc:adj_fdiv.obj
 0001:0039ef5e       label17                    007a2f5e f   libc:adj_fdiv.obj
 0001:0039ef63       label18                    007a2f63 f   libc:adj_fdiv.obj
 0001:0039ef7d       label19                    007a2f7d f   libc:adj_fdiv.obj
 0001:0039ef82       label20                    007a2f82 f   libc:adj_fdiv.obj
 0001:0039efa2       label21                    007a2fa2 f   libc:adj_fdiv.obj
 0001:0039efb6       label22                    007a2fb6 f   libc:adj_fdiv.obj
 0001:0039efce       label23                    007a2fce f   libc:adj_fdiv.obj
 0001:0039efe2       label24                    007a2fe2 f   libc:adj_fdiv.obj
 0001:0039f002       label25                    007a3002 f   libc:adj_fdiv.obj
 0001:0039f007       label26                    007a3007 f   libc:adj_fdiv.obj
 0001:0039f021       label27                    007a3021 f   libc:adj_fdiv.obj
 0001:0039f026       label28                    007a3026 f   libc:adj_fdiv.obj
 0001:0039f046       label29                    007a3046 f   libc:adj_fdiv.obj
 0001:0039f05a       label30                    007a305a f   libc:adj_fdiv.obj
 0001:0039f072       label31                    007a3072 f   libc:adj_fdiv.obj
 0001:0039f086       label32                    007a3086 f   libc:adj_fdiv.obj
 0001:0039f0a6       label33                    007a30a6 f   libc:adj_fdiv.obj
 0001:0039f0ab       label34                    007a30ab f   libc:adj_fdiv.obj
 0001:0039f0c5       label35                    007a30c5 f   libc:adj_fdiv.obj
 0001:0039f0ca       label36                    007a30ca f   libc:adj_fdiv.obj
 0001:0039f0ea       label37                    007a30ea f   libc:adj_fdiv.obj
 0001:0039f0fe       label38                    007a30fe f   libc:adj_fdiv.obj
 0001:0039f116       label39                    007a3116 f   libc:adj_fdiv.obj
 0001:0039f12a       label40                    007a312a f   libc:adj_fdiv.obj
 0001:0039f14a       label41                    007a314a f   libc:adj_fdiv.obj
 0001:0039f14f       label42                    007a314f f   libc:adj_fdiv.obj
 0001:0039f169       label43                    007a3169 f   libc:adj_fdiv.obj
 0001:0039f16e       label44                    007a316e f   libc:adj_fdiv.obj
 0001:0039f18e       label45                    007a318e f   libc:adj_fdiv.obj
 0001:0039f1a2       label46                    007a31a2 f   libc:adj_fdiv.obj
 0001:0039f1ba       label47                    007a31ba f   libc:adj_fdiv.obj
 0001:0039f1ce       label48                    007a31ce f   libc:adj_fdiv.obj
 0001:0039f1ee       label49                    007a31ee f   libc:adj_fdiv.obj
 0001:0039f1f3       label50                    007a31f3 f   libc:adj_fdiv.obj
 0001:0039f20d       label51                    007a320d f   libc:adj_fdiv.obj
 0001:0039f212       label52                    007a3212 f   libc:adj_fdiv.obj
 0001:0039f232       label53                    007a3232 f   libc:adj_fdiv.obj
 0001:0039f246       label54                    007a3246 f   libc:adj_fdiv.obj
 0001:0039f25e       label55                    007a325e f   libc:adj_fdiv.obj
 0001:0039f272       label56                    007a3272 f   libc:adj_fdiv.obj
 0001:0039f292       label57                    007a3292 f   libc:adj_fdiv.obj
 0001:0039f297       label58                    007a3297 f   libc:adj_fdiv.obj
 0001:0039f2b1       label59                    007a32b1 f   libc:adj_fdiv.obj
 0001:0039f2b6       label60                    007a32b6 f   libc:adj_fdiv.obj
 0001:0039f2d6       label61                    007a32d6 f   libc:adj_fdiv.obj
 0001:0039f2ea       label62                    007a32ea f   libc:adj_fdiv.obj
 0001:0039f302       label63                    007a3302 f   libc:adj_fdiv.obj
 0001:0039ec94       _findenv                   007a2c94 f   libc:setenv.obj
 0001:0039ecec       _copy_environ              007a2cec f   libc:setenv.obj
 0001:0039eae2       _strncnt                   007a2ae2 f   libc:a_cmp.obj
 0001:0039e46e       _cvtdate                   007a246e f   libc:tzset.obj
 0001:0039d3c9       _getSystemCP               007a13c9 f   libc:mbctype.obj
 0001:0039d413       _CPtoLCID                  007a1413 f   libc:mbctype.obj
 0001:0039d446       _setSBCS                   007a1446 f   libc:mbctype.obj
 0001:0039d46f       _setSBUpLow                007a146f f   libc:mbctype.obj
 0001:0039ca31       _ctrlevent_capture@4       007a0a31 f   libc:winsig.obj
 0001:0039cb96       _siglookup                 007a0b96 f   libc:winsig.obj
 0001:0039c660       LeadUp1                    007a0660 f   libc:memcpy.obj
 0001:0039c68c       LeadUp2                    007a068c f   libc:memcpy.obj
 0001:0039c6b0       LeadUp3                    007a06b0 f   libc:memcpy.obj
 0001:0039c72f       UnwindUp0                  007a072f f   libc:memcpy.obj
 0001:0039c71c       UnwindUp1                  007a071c f   libc:memcpy.obj
 0001:0039c714       UnwindUp2                  007a0714 f   libc:memcpy.obj
 0001:0039c70c       UnwindUp3                  007a070c f   libc:memcpy.obj
 0001:0039c704       UnwindUp4                  007a0704 f   libc:memcpy.obj
 0001:0039c6fc       UnwindUp5                  007a06fc f   libc:memcpy.obj
 0001:0039c6f4       UnwindUp6                  007a06f4 f   libc:memcpy.obj
 0001:0039c6ec       UnwindUp7                  007a06ec f   libc:memcpy.obj
 0001:0039c748       TrailUp0                   007a0748 f   libc:memcpy.obj
 0001:0039c750       TrailUp1                   007a0750 f   libc:memcpy.obj
 0001:0039c75c       TrailUp2                   007a075c f   libc:memcpy.obj
 0001:0039c770       TrailUp3                   007a0770 f   libc:memcpy.obj
 0001:0039c7e8       LeadDown1                  007a07e8 f   libc:memcpy.obj
 0001:0039c808       LeadDown2                  007a0808 f   libc:memcpy.obj
 0001:0039c830       LeadDown3                  007a0830 f   libc:memcpy.obj
 0001:0039c884       UnwindDown7                007a0884 f   libc:memcpy.obj
 0001:0039c88c       UnwindDown6                007a088c f   libc:memcpy.obj
 0001:0039c894       UnwindDown5                007a0894 f   libc:memcpy.obj
 0001:0039c89c       UnwindDown4                007a089c f   libc:memcpy.obj
 0001:0039c8a4       UnwindDown3                007a08a4 f   libc:memcpy.obj
 0001:0039c8ac       UnwindDown2                007a08ac f   libc:memcpy.obj
 0001:0039c8b4       UnwindDown1                007a08b4 f   libc:memcpy.obj
 0001:0039c8c7       UnwindDown0                007a08c7 f   libc:memcpy.obj
 0001:0039c8e0       TrailDown0                 007a08e0 f   libc:memcpy.obj
 0001:0039c8e8       TrailDown1                 007a08e8 f   libc:memcpy.obj
 0001:0039c8f8       TrailDown2                 007a08f8 f   libc:memcpy.obj
 0001:0039c90c       TrailDown3                 007a090c f   libc:memcpy.obj
 0001:0039a341       fFEXP                      0079e341 f   libc:87tran.obj
 0001:0039a481       _rtforexpinf               0079e481 f   libc:87tran.obj
 0001:0039a22a       _strncnt                   0079e22a f   libc:a_map.obj
 0001:00399d47       _write_char                0079dd47 f   libc:output.obj
 0001:00399d7c       _write_multi_char          0079dd7c f   libc:output.obj
 0001:00399dad       _write_string              0079ddad f   libc:output.obj
 0001:00399de5       _get_int_arg               0079dde5 f   libc:output.obj
 0001:00399df2       _get_int64_arg             0079ddf2 f   libc:output.obj
 0001:00399e02       _get_short_arg             0079de02 f   libc:output.obj
 0001:00398f40       _IsRootUNCName             0079cf40 f   libc:stat.obj
 0001:003989a5       __cftoe_g                  0079c9a5 f   libc:cvt.obj
 0001:003989cc       __cftof_g                  0079c9cc f   libc:cvt.obj
 0001:00398a40       __shift                    0079ca40 f   libc:cvt.obj
 0001:0039823c       _gu_return                 0079c23c f   libc:exsup.obj
 0001:00398244       __unwind_handler           0079c244 f   libc:exsup.obj
 0001:00397af5       _parse_cmdline             0079baf5 f   libc:stdargv.obj
 0001:00397960       _xcptlookup                0079b960 f   libc:winxfltr.obj
 0001:00396728       _doexit                    0079a728 f   libc:crt0dat.obj
 0001:003967c1       __initterm                 0079a7c1 f   libc:crt0dat.obj
 0001:00395ba0       LeadUp1                    00799ba0 f   libc:memmove.obj
 0001:00395bcc       LeadUp2                    00799bcc f   libc:memmove.obj
 0001:00395bf0       LeadUp3                    00799bf0 f   libc:memmove.obj
 0001:00395c6f       UnwindUp0                  00799c6f f   libc:memmove.obj
 0001:00395c5c       UnwindUp1                  00799c5c f   libc:memmove.obj
 0001:00395c54       UnwindUp2                  00799c54 f   libc:memmove.obj
 0001:00395c4c       UnwindUp3                  00799c4c f   libc:memmove.obj
 0001:00395c44       UnwindUp4                  00799c44 f   libc:memmove.obj
 0001:00395c3c       UnwindUp5                  00799c3c f   libc:memmove.obj
 0001:00395c34       UnwindUp6                  00799c34 f   libc:memmove.obj
 0001:00395c2c       UnwindUp7                  00799c2c f   libc:memmove.obj
 0001:00395c88       TrailUp0                   00799c88 f   libc:memmove.obj
 0001:00395c90       TrailUp1                   00799c90 f   libc:memmove.obj
 0001:00395c9c       TrailUp2                   00799c9c f   libc:memmove.obj
 0001:00395cb0       TrailUp3                   00799cb0 f   libc:memmove.obj
 0001:00395d28       LeadDown1                  00799d28 f   libc:memmove.obj
 0001:00395d48       LeadDown2                  00799d48 f   libc:memmove.obj
 0001:00395d70       LeadDown3                  00799d70 f   libc:memmove.obj
 0001:00395dc4       UnwindDown7                00799dc4 f   libc:memmove.obj
 0001:00395dcc       UnwindDown6                00799dcc f   libc:memmove.obj
 0001:00395dd4       UnwindDown5                00799dd4 f   libc:memmove.obj
 0001:00395ddc       UnwindDown4                00799ddc f   libc:memmove.obj
 0001:00395de4       UnwindDown3                00799de4 f   libc:memmove.obj
 0001:00395dec       UnwindDown2                00799dec f   libc:memmove.obj
 0001:00395df4       UnwindDown1                00799df4 f   libc:memmove.obj
 0001:00395e07       UnwindDown0                00799e07 f   libc:memmove.obj
 0001:00395e20       TrailDown0                 00799e20 f   libc:memmove.obj
 0001:00395e28       TrailDown1                 00799e28 f   libc:memmove.obj
 0001:00395e38       TrailDown2                 00799e38 f   libc:memmove.obj
 0001:00395e4c       TrailDown3                 00799e4c f   libc:memmove.obj
 0001:00395755       _strtoxl                   00799755 f   libc:strtol.obj
 0001:003954a3       _flsall                    007994a3 f   libc:fflush.obj
 0001:003952b3       __abstract_cw              007992b3 f   libc:ieee87.obj
 0001:00395345       __hw_cw                    00799345 f   libc:ieee87.obj
 0001:003953ce       __abstract_sw              007993ce f   libc:ieee87.obj
 0001:003951a7       _IsRootUNCName             007991a7 f   libc:stati64.obj
 0001:00394d73       _fast_error_exit           00798d73 f   libc:crt0.obj
